[2026-03-03 18:59:17] === INICIO PROCESO DE PRORRATEO ===
[2026-03-03 18:59:17] Argumentos recibidos: Array
(
    [0] => D:\htdocs\administracion\contabilidad\controller/ejecutar_prorrateo.php
    [1] => 8
    [2] => 2025-10-01
    [3] => 2025-10-31
    [4] => uy
)

[2026-03-03 18:59:17] ID Proceso: 8
[2026-03-03 18:59:17] Desde: 2025-10-01
[2026-03-03 18:59:17] Hasta: 2025-10-31
[2026-03-03 18:59:17] Entorno: uy
[2026-03-03 18:59:17] Incluyendo archivo de conexión...
[2026-03-03 18:59:17] Creando conexión a base de datos (entorno: uy)...
[2026-03-03 18:59:18] Conexión establecida exitosamente
[2026-03-03 18:59:18] Actualizando estado a EN_PROCESO (10%)...
[2026-03-03 18:59:18] Estado actualizado a EN_PROCESO
[2026-03-03 18:59:18] Actualizando progreso a 30%...
[2026-03-03 18:59:18] Ejecutando RO_SP_PRORRATEAR_INTEGRAL_V2...
[2026-03-03 18:59:18] Resultado de ejecución SP V2: OK
[2026-03-03 18:59:18] SP V2 ejecutado exitosamente
[2026-03-03 18:59:18] Marcando proceso como COMPLETADO...
[2026-03-03 18:59:18] Proceso marcado como COMPLETADO exitosamente
[2026-03-03 18:59:18] === FIN EXITOSO DEL PROCESO ===
[2026-03-03 23:21:47] === INICIO PROCESO DE PRORRATEO ===
[2026-03-03 23:21:47] Argumentos recibidos: Array
(
    [0] => D:\htdocs\administracion\contabilidad\controller/ejecutar_prorrateo.php
    [1] => 9
    [2] => 2025-11-01
    [3] => 2025-11-30
    [4] => uy
)

[2026-03-03 23:21:47] ID Proceso: 9
[2026-03-03 23:21:47] Desde: 2025-11-01
[2026-03-03 23:21:47] Hasta: 2025-11-30
[2026-03-03 23:21:47] Entorno: uy
[2026-03-03 23:21:47] Incluyendo archivo de conexión...
[2026-03-03 23:21:47] Creando conexión a base de datos (entorno: uy)...
[2026-03-03 23:21:47] Conexión establecida exitosamente
[2026-03-03 23:21:47] Actualizando estado a EN_PROCESO (10%)...
[2026-03-03 23:21:47] Estado actualizado a EN_PROCESO
[2026-03-03 23:21:47] Actualizando progreso a 30%...
[2026-03-03 23:21:47] Ejecutando RO_SP_PRORRATEAR_INTEGRAL_V2...
[2026-03-03 23:21:47] Resultado de ejecución SP V2: OK
[2026-03-03 23:21:47] SP V2 ejecutado exitosamente
[2026-03-03 23:21:47] Marcando proceso como COMPLETADO...
[2026-03-03 23:21:47] Proceso marcado como COMPLETADO exitosamente
[2026-03-03 23:21:47] === FIN EXITOSO DEL PROCESO ===
[2026-03-03 23:23:20] === INICIO PROCESO DE PRORRATEO ===
[2026-03-03 23:23:20] Argumentos recibidos: Array
(
    [0] => D:\htdocs\administracion\contabilidad\controller/ejecutar_prorrateo.php
    [1] => 10
    [2] => 2025-11-01
    [3] => 2025-11-30
    [4] => uy
)

[2026-03-03 23:23:20] ID Proceso: 10
[2026-03-03 23:23:20] Desde: 2025-11-01
[2026-03-03 23:23:20] Hasta: 2025-11-30
[2026-03-03 23:23:20] Entorno: uy
[2026-03-03 23:23:20] Incluyendo archivo de conexión...
[2026-03-03 23:23:20] Creando conexión a base de datos (entorno: uy)...
[2026-03-03 23:23:20] Conexión establecida exitosamente
[2026-03-03 23:23:20] Actualizando estado a EN_PROCESO (10%)...
[2026-03-03 23:23:20] Estado actualizado a EN_PROCESO
[2026-03-03 23:23:20] Actualizando progreso a 30%...
[2026-03-03 23:23:20] Ejecutando RO_SP_PRORRATEAR_INTEGRAL_V2...
[2026-03-03 23:23:20] Resultado de ejecución SP V2: OK
[2026-03-03 23:23:20] SP V2 ejecutado exitosamente
[2026-03-03 23:23:20] Marcando proceso como COMPLETADO...
[2026-03-03 23:23:20] Proceso marcado como COMPLETADO exitosamente
[2026-03-03 23:23:20] === FIN EXITOSO DEL PROCESO ===
[2026-03-04 02:05:48] === INICIO PROCESO DE PRORRATEO ===
[2026-03-04 02:05:48] Argumentos recibidos: Array
(
    [0] => D:\htdocs\administracion\contabilidad\controller/ejecutar_prorrateo.php
    [1] => 11
    [2] => 2025-12-01
    [3] => 2025-12-31
    [4] => uy
)

[2026-03-04 02:05:48] ID Proceso: 11
[2026-03-04 02:05:48] Desde: 2025-12-01
[2026-03-04 02:05:48] Hasta: 2025-12-31
[2026-03-04 02:05:48] Entorno: uy
[2026-03-04 02:05:48] Incluyendo archivo de conexión...
[2026-03-04 02:05:48] Creando conexión a base de datos (entorno: uy)...
[2026-03-04 02:05:48] Conexión establecida exitosamente
[2026-03-04 02:05:48] Actualizando estado a EN_PROCESO (10%)...
[2026-03-04 02:05:48] Estado actualizado a EN_PROCESO
[2026-03-04 02:05:48] Actualizando progreso a 30%...
[2026-03-04 02:05:48] Ejecutando RO_SP_PRORRATEAR_INTEGRAL_V2...
[2026-03-04 02:05:48] Resultado de ejecución SP V2: OK
[2026-03-04 02:05:48] SP V2 ejecutado exitosamente
[2026-03-04 02:05:48] Marcando proceso como COMPLETADO...
[2026-03-04 02:05:48] Proceso marcado como COMPLETADO exitosamente
[2026-03-04 02:05:48] === FIN EXITOSO DEL PROCESO ===
[2026-03-04 02:37:50] === INICIO PROCESO DE PRORRATEO ===
[2026-03-04 02:37:50] Argumentos recibidos: Array
(
    [0] => D:\htdocs\administracion\contabilidad\controller/ejecutar_prorrateo.php
    [1] => 12
    [2] => 2025-01-01
    [3] => 2025-01-31
    [4] => uy
)

[2026-03-04 02:37:50] ID Proceso: 12
[2026-03-04 02:37:50] Desde: 2025-01-01
[2026-03-04 02:37:50] Hasta: 2025-01-31
[2026-03-04 02:37:50] Entorno: uy
[2026-03-04 02:37:50] Incluyendo archivo de conexión...
[2026-03-04 02:37:50] Creando conexión a base de datos (entorno: uy)...
[2026-03-04 02:37:50] Conexión establecida exitosamente
[2026-03-04 02:37:50] Actualizando estado a EN_PROCESO (10%)...
[2026-03-04 02:37:50] Estado actualizado a EN_PROCESO
[2026-03-04 02:37:50] Actualizando progreso a 30%...
[2026-03-04 02:37:50] Ejecutando RO_SP_PRORRATEAR_INTEGRAL_V2...
[2026-03-04 02:37:51] Resultado de ejecución SP V2: OK
[2026-03-04 02:37:51] SP V2 ejecutado exitosamente
[2026-03-04 02:37:51] Marcando proceso como COMPLETADO...
[2026-03-04 02:37:51] Proceso marcado como COMPLETADO exitosamente
[2026-03-04 02:37:51] === FIN EXITOSO DEL PROCESO ===
[2026-03-04 02:38:48] === INICIO PROCESO DE PRORRATEO ===
[2026-03-04 02:38:48] Argumentos recibidos: Array
(
    [0] => D:\htdocs\administracion\contabilidad\controller/ejecutar_prorrateo.php
    [1] => 13
    [2] => 2025-02-01
    [3] => 2025-02-28
    [4] => uy
)

[2026-03-04 02:38:48] ID Proceso: 13
[2026-03-04 02:38:48] Desde: 2025-02-01
[2026-03-04 02:38:48] Hasta: 2025-02-28
[2026-03-04 02:38:48] Entorno: uy
[2026-03-04 02:38:48] Incluyendo archivo de conexión...
[2026-03-04 02:38:48] Creando conexión a base de datos (entorno: uy)...
[2026-03-04 02:38:48] Conexión establecida exitosamente
[2026-03-04 02:38:48] Actualizando estado a EN_PROCESO (10%)...
[2026-03-04 02:38:48] Estado actualizado a EN_PROCESO
[2026-03-04 02:38:48] Actualizando progreso a 30%...
[2026-03-04 02:38:48] Ejecutando RO_SP_PRORRATEAR_INTEGRAL_V2...
[2026-03-04 02:38:49] Resultado de ejecución SP V2: OK
[2026-03-04 02:38:49] SP V2 ejecutado exitosamente
[2026-03-04 02:38:49] Marcando proceso como COMPLETADO...
[2026-03-04 02:38:49] Proceso marcado como COMPLETADO exitosamente
[2026-03-04 02:38:49] === FIN EXITOSO DEL PROCESO ===
[2026-03-04 02:39:48] === INICIO PROCESO DE PRORRATEO ===
[2026-03-04 02:39:48] Argumentos recibidos: Array
(
    [0] => D:\htdocs\administracion\contabilidad\controller/ejecutar_prorrateo.php
    [1] => 14
    [2] => 2025-03-01
    [3] => 2025-03-31
    [4] => uy
)

[2026-03-04 02:39:48] ID Proceso: 14
[2026-03-04 02:39:48] Desde: 2025-03-01
[2026-03-04 02:39:48] Hasta: 2025-03-31
[2026-03-04 02:39:48] Entorno: uy
[2026-03-04 02:39:48] Incluyendo archivo de conexión...
[2026-03-04 02:39:48] Creando conexión a base de datos (entorno: uy)...
[2026-03-04 02:39:48] Conexión establecida exitosamente
[2026-03-04 02:39:48] Actualizando estado a EN_PROCESO (10%)...
[2026-03-04 02:39:48] Estado actualizado a EN_PROCESO
[2026-03-04 02:39:48] Actualizando progreso a 30%...
[2026-03-04 02:39:48] Ejecutando RO_SP_PRORRATEAR_INTEGRAL_V2...
[2026-03-04 02:39:48] Resultado de ejecución SP V2: OK
[2026-03-04 02:39:48] SP V2 ejecutado exitosamente
[2026-03-04 02:39:48] Marcando proceso como COMPLETADO...
[2026-03-04 02:39:48] Proceso marcado como COMPLETADO exitosamente
[2026-03-04 02:39:48] === FIN EXITOSO DEL PROCESO ===
[2026-03-04 02:40:40] === INICIO PROCESO DE PRORRATEO ===
[2026-03-04 02:40:40] Argumentos recibidos: Array
(
    [0] => D:\htdocs\administracion\contabilidad\controller/ejecutar_prorrateo.php
    [1] => 15
    [2] => 2025-04-01
    [3] => 2025-04-30
    [4] => uy
)

[2026-03-04 02:40:40] ID Proceso: 15
[2026-03-04 02:40:40] Desde: 2025-04-01
[2026-03-04 02:40:40] Hasta: 2025-04-30
[2026-03-04 02:40:40] Entorno: uy
[2026-03-04 02:40:40] Incluyendo archivo de conexión...
[2026-03-04 02:40:40] Creando conexión a base de datos (entorno: uy)...
[2026-03-04 02:40:40] Conexión establecida exitosamente
[2026-03-04 02:40:40] Actualizando estado a EN_PROCESO (10%)...
[2026-03-04 02:40:40] Estado actualizado a EN_PROCESO
[2026-03-04 02:40:40] Actualizando progreso a 30%...
[2026-03-04 02:40:40] Ejecutando RO_SP_PRORRATEAR_INTEGRAL_V2...
[2026-03-04 02:40:41] Resultado de ejecución SP V2: OK
[2026-03-04 02:40:41] SP V2 ejecutado exitosamente
[2026-03-04 02:40:41] Marcando proceso como COMPLETADO...
[2026-03-04 02:40:41] Proceso marcado como COMPLETADO exitosamente
[2026-03-04 02:40:41] === FIN EXITOSO DEL PROCESO ===
[2026-03-04 02:42:26] === INICIO PROCESO DE PRORRATEO ===
[2026-03-04 02:42:26] Argumentos recibidos: Array
(
    [0] => D:\htdocs\administracion\contabilidad\controller/ejecutar_prorrateo.php
    [1] => 16
    [2] => 2025-05-01
    [3] => 2025-05-31
    [4] => uy
)

[2026-03-04 02:42:26] ID Proceso: 16
[2026-03-04 02:42:26] Desde: 2025-05-01
[2026-03-04 02:42:26] Hasta: 2025-05-31
[2026-03-04 02:42:26] Entorno: uy
[2026-03-04 02:42:26] Incluyendo archivo de conexión...
[2026-03-04 02:42:26] Creando conexión a base de datos (entorno: uy)...
[2026-03-04 02:42:27] Conexión establecida exitosamente
[2026-03-04 02:42:27] Actualizando estado a EN_PROCESO (10%)...
[2026-03-04 02:42:27] Estado actualizado a EN_PROCESO
[2026-03-04 02:42:27] Actualizando progreso a 30%...
[2026-03-04 02:42:27] Ejecutando RO_SP_PRORRATEAR_INTEGRAL_V2...
[2026-03-04 02:42:27] Resultado de ejecución SP V2: OK
[2026-03-04 02:42:27] SP V2 ejecutado exitosamente
[2026-03-04 02:42:27] Marcando proceso como COMPLETADO...
[2026-03-04 02:42:27] Proceso marcado como COMPLETADO exitosamente
[2026-03-04 02:42:27] === FIN EXITOSO DEL PROCESO ===
[2026-03-04 02:43:45] === INICIO PROCESO DE PRORRATEO ===
[2026-03-04 02:43:45] Argumentos recibidos: Array
(
    [0] => D:\htdocs\administracion\contabilidad\controller/ejecutar_prorrateo.php
    [1] => 17
    [2] => 2025-01-01
    [3] => 2025-01-31
    [4] => uy
)

[2026-03-04 02:43:45] ID Proceso: 17
[2026-03-04 02:43:45] Desde: 2025-01-01
[2026-03-04 02:43:45] Hasta: 2025-01-31
[2026-03-04 02:43:45] Entorno: uy
[2026-03-04 02:43:45] Incluyendo archivo de conexión...
[2026-03-04 02:43:45] Creando conexión a base de datos (entorno: uy)...
[2026-03-04 02:43:45] Conexión establecida exitosamente
[2026-03-04 02:43:45] Actualizando estado a EN_PROCESO (10%)...
[2026-03-04 02:43:45] Estado actualizado a EN_PROCESO
[2026-03-04 02:43:45] Actualizando progreso a 30%...
[2026-03-04 02:43:45] Ejecutando RO_SP_PRORRATEAR_INTEGRAL_V2...
[2026-03-04 02:43:46] Resultado de ejecución SP V2: OK
[2026-03-04 02:43:46] SP V2 ejecutado exitosamente
[2026-03-04 02:43:46] Marcando proceso como COMPLETADO...
[2026-03-04 02:43:46] Proceso marcado como COMPLETADO exitosamente
[2026-03-04 02:43:46] === FIN EXITOSO DEL PROCESO ===
[2026-03-04 02:45:56] === INICIO PROCESO DE PRORRATEO ===
[2026-03-04 02:45:56] Argumentos recibidos: Array
(
    [0] => D:\htdocs\administracion\contabilidad\controller/ejecutar_prorrateo.php
    [1] => 18
    [2] => 2025-04-01
    [3] => 2025-04-30
    [4] => uy
)

[2026-03-04 02:45:56] ID Proceso: 18
[2026-03-04 02:45:56] Desde: 2025-04-01
[2026-03-04 02:45:56] Hasta: 2025-04-30
[2026-03-04 02:45:56] Entorno: uy
[2026-03-04 02:45:56] Incluyendo archivo de conexión...
[2026-03-04 02:45:56] Creando conexión a base de datos (entorno: uy)...
[2026-03-04 02:45:57] Conexión establecida exitosamente
[2026-03-04 02:45:57] Actualizando estado a EN_PROCESO (10%)...
[2026-03-04 02:45:57] Estado actualizado a EN_PROCESO
[2026-03-04 02:45:57] Actualizando progreso a 30%...
[2026-03-04 02:45:57] Ejecutando RO_SP_PRORRATEAR_INTEGRAL_V2...
[2026-03-04 02:45:57] Resultado de ejecución SP V2: OK
[2026-03-04 02:45:57] SP V2 ejecutado exitosamente
[2026-03-04 02:45:57] Marcando proceso como COMPLETADO...
[2026-03-04 02:45:57] Proceso marcado como COMPLETADO exitosamente
[2026-03-04 02:45:57] === FIN EXITOSO DEL PROCESO ===
[2026-03-04 02:49:07] === INICIO PROCESO DE PRORRATEO ===
[2026-03-04 02:49:07] Argumentos recibidos: Array
(
    [0] => D:\htdocs\administracion\contabilidad\controller/ejecutar_prorrateo.php
    [1] => 19
    [2] => 2025-05-01
    [3] => 2025-05-31
    [4] => uy
)

[2026-03-04 02:49:07] ID Proceso: 19
[2026-03-04 02:49:07] Desde: 2025-05-01
[2026-03-04 02:49:07] Hasta: 2025-05-31
[2026-03-04 02:49:07] Entorno: uy
[2026-03-04 02:49:07] Incluyendo archivo de conexión...
[2026-03-04 02:49:07] Creando conexión a base de datos (entorno: uy)...
[2026-03-04 02:49:07] Conexión establecida exitosamente
[2026-03-04 02:49:07] Actualizando estado a EN_PROCESO (10%)...
[2026-03-04 02:49:07] Estado actualizado a EN_PROCESO
[2026-03-04 02:49:07] Actualizando progreso a 30%...
[2026-03-04 02:49:07] Ejecutando RO_SP_PRORRATEAR_INTEGRAL_V2...
[2026-03-04 02:49:08] Resultado de ejecución SP V2: OK
[2026-03-04 02:49:08] SP V2 ejecutado exitosamente
[2026-03-04 02:49:08] Marcando proceso como COMPLETADO...
[2026-03-04 02:49:08] Proceso marcado como COMPLETADO exitosamente
[2026-03-04 02:49:08] === FIN EXITOSO DEL PROCESO ===
[2026-03-04 02:49:59] === INICIO PROCESO DE PRORRATEO ===
[2026-03-04 02:49:59] Argumentos recibidos: Array
(
    [0] => D:\htdocs\administracion\contabilidad\controller/ejecutar_prorrateo.php
    [1] => 20
    [2] => 2025-06-01
    [3] => 2025-06-30
    [4] => uy
)

[2026-03-04 02:49:59] ID Proceso: 20
[2026-03-04 02:49:59] Desde: 2025-06-01
[2026-03-04 02:49:59] Hasta: 2025-06-30
[2026-03-04 02:49:59] Entorno: uy
[2026-03-04 02:49:59] Incluyendo archivo de conexión...
[2026-03-04 02:49:59] Creando conexión a base de datos (entorno: uy)...
[2026-03-04 02:49:59] Conexión establecida exitosamente
[2026-03-04 02:49:59] Actualizando estado a EN_PROCESO (10%)...
[2026-03-04 02:49:59] Estado actualizado a EN_PROCESO
[2026-03-04 02:49:59] Actualizando progreso a 30%...
[2026-03-04 02:49:59] Ejecutando RO_SP_PRORRATEAR_INTEGRAL_V2...
[2026-03-04 02:50:00] Resultado de ejecución SP V2: OK
[2026-03-04 02:50:00] SP V2 ejecutado exitosamente
[2026-03-04 02:50:00] Marcando proceso como COMPLETADO...
[2026-03-04 02:50:00] Proceso marcado como COMPLETADO exitosamente
[2026-03-04 02:50:00] === FIN EXITOSO DEL PROCESO ===
[2026-03-04 02:52:49] === INICIO PROCESO DE PRORRATEO ===
[2026-03-04 02:52:49] Argumentos recibidos: Array
(
    [0] => D:\htdocs\administracion\contabilidad\controller/ejecutar_prorrateo.php
    [1] => 21
    [2] => 2025-07-01
    [3] => 2025-07-31
    [4] => uy
)

[2026-03-04 02:52:49] ID Proceso: 21
[2026-03-04 02:52:49] Desde: 2025-07-01
[2026-03-04 02:52:49] Hasta: 2025-07-31
[2026-03-04 02:52:49] Entorno: uy
[2026-03-04 02:52:49] Incluyendo archivo de conexión...
[2026-03-04 02:52:49] Creando conexión a base de datos (entorno: uy)...
[2026-03-04 02:52:49] Conexión establecida exitosamente
[2026-03-04 02:52:49] Actualizando estado a EN_PROCESO (10%)...
[2026-03-04 02:52:49] Estado actualizado a EN_PROCESO
[2026-03-04 02:52:49] Actualizando progreso a 30%...
[2026-03-04 02:52:49] Ejecutando RO_SP_PRORRATEAR_INTEGRAL_V2...
[2026-03-04 02:52:49] Resultado de ejecución SP V2: OK
[2026-03-04 02:52:49] SP V2 ejecutado exitosamente
[2026-03-04 02:52:49] Marcando proceso como COMPLETADO...
[2026-03-04 02:52:49] Proceso marcado como COMPLETADO exitosamente
[2026-03-04 02:52:49] === FIN EXITOSO DEL PROCESO ===
[2026-03-04 02:54:40] === INICIO PROCESO DE PRORRATEO ===
[2026-03-04 02:54:40] Argumentos recibidos: Array
(
    [0] => D:\htdocs\administracion\contabilidad\controller/ejecutar_prorrateo.php
    [1] => 22
    [2] => 2025-08-01
    [3] => 2025-08-31
    [4] => uy
)

[2026-03-04 02:54:40] ID Proceso: 22
[2026-03-04 02:54:40] Desde: 2025-08-01
[2026-03-04 02:54:40] Hasta: 2025-08-31
[2026-03-04 02:54:40] Entorno: uy
[2026-03-04 02:54:40] Incluyendo archivo de conexión...
[2026-03-04 02:54:40] Creando conexión a base de datos (entorno: uy)...
[2026-03-04 02:54:40] Conexión establecida exitosamente
[2026-03-04 02:54:40] Actualizando estado a EN_PROCESO (10%)...
[2026-03-04 02:54:40] Estado actualizado a EN_PROCESO
[2026-03-04 02:54:40] Actualizando progreso a 30%...
[2026-03-04 02:54:40] Ejecutando RO_SP_PRORRATEAR_INTEGRAL_V2...
[2026-03-04 02:54:41] Resultado de ejecución SP V2: OK
[2026-03-04 02:54:41] SP V2 ejecutado exitosamente
[2026-03-04 02:54:41] Marcando proceso como COMPLETADO...
[2026-03-04 02:54:41] Proceso marcado como COMPLETADO exitosamente
[2026-03-04 02:54:41] === FIN EXITOSO DEL PROCESO ===
[2026-03-04 02:57:49] === INICIO PROCESO DE PRORRATEO ===
[2026-03-04 02:57:49] Argumentos recibidos: Array
(
    [0] => D:\htdocs\administracion\contabilidad\controller/ejecutar_prorrateo.php
    [1] => 23
    [2] => 2025-09-01
    [3] => 2025-09-30
    [4] => uy
)

[2026-03-04 02:57:49] ID Proceso: 23
[2026-03-04 02:57:49] Desde: 2025-09-01
[2026-03-04 02:57:49] Hasta: 2025-09-30
[2026-03-04 02:57:49] Entorno: uy
[2026-03-04 02:57:49] Incluyendo archivo de conexión...
[2026-03-04 02:57:49] Creando conexión a base de datos (entorno: uy)...
[2026-03-04 02:57:49] Conexión establecida exitosamente
[2026-03-04 02:57:49] Actualizando estado a EN_PROCESO (10%)...
[2026-03-04 02:57:49] Estado actualizado a EN_PROCESO
[2026-03-04 02:57:49] Actualizando progreso a 30%...
[2026-03-04 02:57:49] Ejecutando RO_SP_PRORRATEAR_INTEGRAL_V2...
[2026-03-04 02:57:49] Resultado de ejecución SP V2: OK
[2026-03-04 02:57:49] SP V2 ejecutado exitosamente
[2026-03-04 02:57:49] Marcando proceso como COMPLETADO...
[2026-03-04 02:57:49] Proceso marcado como COMPLETADO exitosamente
[2026-03-04 02:57:49] === FIN EXITOSO DEL PROCESO ===
[2026-03-04 03:03:00] === INICIO PROCESO DE PRORRATEO ===
[2026-03-04 03:03:00] Argumentos recibidos: Array
(
    [0] => D:\htdocs\administracion\contabilidad\controller/ejecutar_prorrateo.php
    [1] => 24
    [2] => 2025-10-01
    [3] => 2025-10-31
    [4] => uy
)

[2026-03-04 03:03:00] ID Proceso: 24
[2026-03-04 03:03:00] Desde: 2025-10-01
[2026-03-04 03:03:00] Hasta: 2025-10-31
[2026-03-04 03:03:00] Entorno: uy
[2026-03-04 03:03:00] Incluyendo archivo de conexión...
[2026-03-04 03:03:00] Creando conexión a base de datos (entorno: uy)...
[2026-03-04 03:03:00] Conexión establecida exitosamente
[2026-03-04 03:03:00] Actualizando estado a EN_PROCESO (10%)...
[2026-03-04 03:03:00] Estado actualizado a EN_PROCESO
[2026-03-04 03:03:00] Actualizando progreso a 30%...
[2026-03-04 03:03:00] Ejecutando RO_SP_PRORRATEAR_INTEGRAL_V2...
[2026-03-04 03:03:00] Resultado de ejecución SP V2: OK
[2026-03-04 03:03:00] SP V2 ejecutado exitosamente
[2026-03-04 03:03:00] Marcando proceso como COMPLETADO...
[2026-03-04 03:03:00] Proceso marcado como COMPLETADO exitosamente
[2026-03-04 03:03:00] === FIN EXITOSO DEL PROCESO ===
[2026-03-04 13:28:26] === INICIO PROCESO DE PRORRATEO ===
[2026-03-04 13:28:26] Argumentos recibidos: Array
(
    [0] => D:\htdocs\administracion\contabilidad\controller/ejecutar_prorrateo.php
    [1] => 25
    [2] => 2025-10-01
    [3] => 2025-10-31
    [4] => uy
)

[2026-03-04 13:28:26] ID Proceso: 25
[2026-03-04 13:28:26] Desde: 2025-10-01
[2026-03-04 13:28:26] Hasta: 2025-10-31
[2026-03-04 13:28:26] Entorno: uy
[2026-03-04 13:28:26] Incluyendo archivo de conexión...
[2026-03-04 13:28:26] Creando conexión a base de datos (entorno: uy)...
[2026-03-04 13:28:26] Conexión establecida exitosamente
[2026-03-04 13:28:26] Actualizando estado a EN_PROCESO (10%)...
[2026-03-04 13:28:26] Estado actualizado a EN_PROCESO
[2026-03-04 13:28:26] Actualizando progreso a 30%...
[2026-03-04 13:28:26] Ejecutando RO_SP_PRORRATEAR_INTEGRAL_V2...
[2026-03-04 13:28:27] Resultado de ejecución SP V2: OK
[2026-03-04 13:28:27] SP V2 ejecutado exitosamente
[2026-03-04 13:28:27] Marcando proceso como COMPLETADO...
[2026-03-04 13:28:27] Proceso marcado como COMPLETADO exitosamente
[2026-03-04 13:28:27] === FIN EXITOSO DEL PROCESO ===
[2026-03-04 13:34:24] === INICIO PROCESO DE PRORRATEO ===
[2026-03-04 13:34:24] Argumentos recibidos: Array
(
    [0] => D:\htdocs\administracion\contabilidad\controller/ejecutar_prorrateo.php
    [1] => 26
    [2] => 2025-12-01
    [3] => 2025-12-31
    [4] => uy
)

[2026-03-04 13:34:24] ID Proceso: 26
[2026-03-04 13:34:24] Desde: 2025-12-01
[2026-03-04 13:34:24] Hasta: 2025-12-31
[2026-03-04 13:34:24] Entorno: uy
[2026-03-04 13:34:24] Incluyendo archivo de conexión...
[2026-03-04 13:34:24] Creando conexión a base de datos (entorno: uy)...
[2026-03-04 13:34:24] Conexión establecida exitosamente
[2026-03-04 13:34:24] Actualizando estado a EN_PROCESO (10%)...
[2026-03-04 13:34:24] Estado actualizado a EN_PROCESO
[2026-03-04 13:34:24] Actualizando progreso a 30%...
[2026-03-04 13:34:24] Ejecutando RO_SP_PRORRATEAR_INTEGRAL_V2...
[2026-03-04 13:34:24] Resultado de ejecución SP V2: OK
[2026-03-04 13:34:24] SP V2 ejecutado exitosamente
[2026-03-04 13:34:24] Marcando proceso como COMPLETADO...
[2026-03-04 13:34:24] Proceso marcado como COMPLETADO exitosamente
[2026-03-04 13:34:24] === FIN EXITOSO DEL PROCESO ===
[2026-05-14 17:46:01] === INICIO PROCESO DE PRORRATEO ===
[2026-05-14 17:46:01] Argumentos recibidos: Array
(
    [0] => D:\htdocs\administracion\contabilidad\controller/ejecutar_prorrateo.php
    [1] => 12
    [2] => 2025-12-01
    [3] => 2025-12-31
    [4] => central
)

[2026-05-14 17:46:01] ID Proceso: 12
[2026-05-14 17:46:01] Desde: 2025-12-01
[2026-05-14 17:46:01] Hasta: 2025-12-31
[2026-05-14 17:46:01] Entorno: central
[2026-05-14 17:46:01] Incluyendo archivo de conexión...
[2026-05-14 17:46:01] Creando conexión a base de datos (entorno: central)...
[2026-05-14 17:46:01] Conexión establecida exitosamente
[2026-05-14 17:46:01] Actualizando estado a EN_PROCESO (10%)...
[2026-05-14 17:46:01] Estado actualizado a EN_PROCESO
[2026-05-14 17:46:01] Actualizando progreso a 30%...
[2026-05-14 17:46:01] Ejecutando RO_SP_PRORRATEAR_INTEGRAL_V2...
[2026-05-14 17:48:15] Resultado de ejecución SP V2: OK
[2026-05-14 17:48:15] SP V2 ejecutado exitosamente
[2026-05-14 17:48:15] Marcando proceso como COMPLETADO...
[2026-05-14 17:48:15] Proceso marcado como COMPLETADO exitosamente
[2026-05-14 17:48:15] === FIN EXITOSO DEL PROCESO ===
[2026-05-20 22:59:25] === INICIO PROCESO DE PRORRATEO ===
[2026-05-20 22:59:25] Argumentos recibidos: Array
(
    [0] => D:\htdocs\administracion\contabilidad\controller/ejecutar_prorrateo.php
    [1] => 27
    [2] => 2026-01-01
    [3] => 2026-01-31
    [4] => uy
)

[2026-05-20 22:59:25] ID Proceso: 27
[2026-05-20 22:59:25] Desde: 2026-01-01
[2026-05-20 22:59:25] Hasta: 2026-01-31
[2026-05-20 22:59:25] Entorno: uy
[2026-05-20 22:59:25] Incluyendo archivo de conexión...
[2026-05-20 22:59:25] Creando conexión a base de datos (entorno: uy)...
[2026-05-20 22:59:25] Conexión establecida exitosamente
[2026-05-20 22:59:25] Actualizando estado a EN_PROCESO (10%)...
[2026-05-20 22:59:25] Estado actualizado a EN_PROCESO
[2026-05-20 22:59:25] Actualizando progreso a 30%...
[2026-05-20 22:59:25] Ejecutando RO_SP_PRORRATEAR_INTEGRAL_V2...
[2026-05-20 22:59:26] Resultado de ejecución SP V2: OK
[2026-05-20 22:59:26] SP V2 ejecutado exitosamente
[2026-05-20 22:59:26] Marcando proceso como COMPLETADO...
[2026-05-20 22:59:26] Proceso marcado como COMPLETADO exitosamente
[2026-05-20 22:59:26] === FIN EXITOSO DEL PROCESO ===
[2026-05-20 23:07:31] === INICIO PROCESO DE PRORRATEO ===
[2026-05-20 23:07:31] Argumentos recibidos: Array
(
    [0] => D:\htdocs\administracion\contabilidad\controller/ejecutar_prorrateo.php
    [1] => 28
    [2] => 2026-02-01
    [3] => 2026-02-28
    [4] => uy
)

[2026-05-20 23:07:31] ID Proceso: 28
[2026-05-20 23:07:31] Desde: 2026-02-01
[2026-05-20 23:07:31] Hasta: 2026-02-28
[2026-05-20 23:07:31] Entorno: uy
[2026-05-20 23:07:31] Incluyendo archivo de conexión...
[2026-05-20 23:07:31] Creando conexión a base de datos (entorno: uy)...
[2026-05-20 23:07:31] Conexión establecida exitosamente
[2026-05-20 23:07:31] Actualizando estado a EN_PROCESO (10%)...
[2026-05-20 23:07:31] Estado actualizado a EN_PROCESO
[2026-05-20 23:07:31] Actualizando progreso a 30%...
[2026-05-20 23:07:31] Ejecutando RO_SP_PRORRATEAR_INTEGRAL_V2...
[2026-05-20 23:07:31] Resultado de ejecución SP V2: OK
[2026-05-20 23:07:31] SP V2 ejecutado exitosamente
[2026-05-20 23:07:31] Marcando proceso como COMPLETADO...
[2026-05-20 23:07:31] Proceso marcado como COMPLETADO exitosamente
[2026-05-20 23:07:31] === FIN EXITOSO DEL PROCESO ===
[2026-05-20 23:52:51] === INICIO PROCESO DE PRORRATEO ===
[2026-05-20 23:52:51] Argumentos recibidos: Array
(
    [0] => D:\htdocs\administracion\contabilidad\controller/ejecutar_prorrateo.php
    [1] => 29
    [2] => 2026-03-01
    [3] => 2026-03-31
    [4] => uy
)

[2026-05-20 23:52:51] ID Proceso: 29
[2026-05-20 23:52:51] Desde: 2026-03-01
[2026-05-20 23:52:51] Hasta: 2026-03-31
[2026-05-20 23:52:51] Entorno: uy
[2026-05-20 23:52:51] Incluyendo archivo de conexión...
[2026-05-20 23:52:51] Creando conexión a base de datos (entorno: uy)...
[2026-05-20 23:52:51] Conexión establecida exitosamente
[2026-05-20 23:52:51] Actualizando estado a EN_PROCESO (10%)...
[2026-05-20 23:52:51] Estado actualizado a EN_PROCESO
[2026-05-20 23:52:51] Actualizando progreso a 30%...
[2026-05-20 23:52:51] Ejecutando RO_SP_PRORRATEAR_INTEGRAL_V2...
[2026-05-20 23:52:52] Resultado de ejecución SP V2: OK
[2026-05-20 23:52:52] SP V2 ejecutado exitosamente
[2026-05-20 23:52:52] Marcando proceso como COMPLETADO...
[2026-05-20 23:52:52] Proceso marcado como COMPLETADO exitosamente
[2026-05-20 23:52:52] === FIN EXITOSO DEL PROCESO ===
[2026-05-20 23:53:15] === INICIO PROCESO DE PRORRATEO ===
[2026-05-20 23:53:15] Argumentos recibidos: Array
(
    [0] => D:\htdocs\administracion\contabilidad\controller/ejecutar_prorrateo.php
    [1] => 30
    [2] => 2026-03-01
    [3] => 2026-03-31
    [4] => uy
)

[2026-05-20 23:53:15] ID Proceso: 30
[2026-05-20 23:53:15] Desde: 2026-03-01
[2026-05-20 23:53:15] Hasta: 2026-03-31
[2026-05-20 23:53:15] Entorno: uy
[2026-05-20 23:53:15] Incluyendo archivo de conexión...
[2026-05-20 23:53:15] Creando conexión a base de datos (entorno: uy)...
[2026-05-20 23:53:15] Conexión establecida exitosamente
[2026-05-20 23:53:15] Actualizando estado a EN_PROCESO (10%)...
[2026-05-20 23:53:15] Estado actualizado a EN_PROCESO
[2026-05-20 23:53:15] Actualizando progreso a 30%...
[2026-05-20 23:53:15] Ejecutando RO_SP_PRORRATEAR_INTEGRAL_V2...
[2026-05-20 23:53:15] Resultado de ejecución SP V2: OK
[2026-05-20 23:53:15] SP V2 ejecutado exitosamente
[2026-05-20 23:53:15] Marcando proceso como COMPLETADO...
[2026-05-20 23:53:15] Proceso marcado como COMPLETADO exitosamente
[2026-05-20 23:53:15] === FIN EXITOSO DEL PROCESO ===
[2026-05-21 00:23:04] === INICIO PROCESO DE PRORRATEO ===
[2026-05-21 00:23:04] Argumentos recibidos: Array
(
    [0] => D:\htdocs\administracion\contabilidad\controller/ejecutar_prorrateo.php
    [1] => 31
    [2] => 2026-03-01
    [3] => 2026-03-31
    [4] => uy
)

[2026-05-21 00:23:04] ID Proceso: 31
[2026-05-21 00:23:04] Desde: 2026-03-01
[2026-05-21 00:23:04] Hasta: 2026-03-31
[2026-05-21 00:23:04] Entorno: uy
[2026-05-21 00:23:04] Incluyendo archivo de conexión...
[2026-05-21 00:23:04] Creando conexión a base de datos (entorno: uy)...
[2026-05-21 00:23:04] Conexión establecida exitosamente
[2026-05-21 00:23:04] Actualizando estado a EN_PROCESO (10%)...
[2026-05-21 00:23:04] Estado actualizado a EN_PROCESO
[2026-05-21 00:23:04] Actualizando progreso a 30%...
[2026-05-21 00:23:04] Ejecutando RO_SP_PRORRATEAR_INTEGRAL_V2...
[2026-05-21 00:23:04] Resultado de ejecución SP V2: OK
[2026-05-21 00:23:04] SP V2 ejecutado exitosamente
[2026-05-21 00:23:04] Marcando proceso como COMPLETADO...
[2026-05-21 00:23:04] Proceso marcado como COMPLETADO exitosamente
[2026-05-21 00:23:04] === FIN EXITOSO DEL PROCESO ===
[2026-05-21 20:25:19] === INICIO PROCESO DE PRORRATEO ===
[2026-05-21 20:25:19] Argumentos recibidos: Array
(
    [0] => D:\htdocs\administracion\contabilidad\controller/ejecutar_prorrateo.php
    [1] => 13
    [2] => 2026-01-01
    [3] => 2026-01-31
    [4] => central
)

[2026-05-21 20:25:19] ID Proceso: 13
[2026-05-21 20:25:19] Desde: 2026-01-01
[2026-05-21 20:25:19] Hasta: 2026-01-31
[2026-05-21 20:25:19] Entorno: central
[2026-05-21 20:25:19] Incluyendo archivo de conexión...
[2026-05-21 20:25:19] Creando conexión a base de datos (entorno: central)...
[2026-05-21 20:25:19] Conexión establecida exitosamente
[2026-05-21 20:25:19] Actualizando estado a EN_PROCESO (10%)...
[2026-05-21 20:25:19] Estado actualizado a EN_PROCESO
[2026-05-21 20:25:19] Actualizando progreso a 30%...
[2026-05-21 20:25:19] Ejecutando RO_SP_PRORRATEAR_INTEGRAL_V2...
[2026-05-21 20:27:52] Resultado de ejecución SP V2: OK
[2026-05-21 20:27:52] SP V2 ejecutado exitosamente
[2026-05-21 20:27:52] Marcando proceso como COMPLETADO...
[2026-05-21 20:27:52] Proceso marcado como COMPLETADO exitosamente
[2026-05-21 20:27:52] === FIN EXITOSO DEL PROCESO ===
[2026-05-21 20:48:08] === INICIO PROCESO DE PRORRATEO ===
[2026-05-21 20:48:08] Argumentos recibidos: Array
(
    [0] => D:\htdocs\administracion\contabilidad\controller/ejecutar_prorrateo.php
    [1] => 14
    [2] => 2026-02-01
    [3] => 2026-02-28
    [4] => central
)

[2026-05-21 20:48:08] ID Proceso: 14
[2026-05-21 20:48:08] Desde: 2026-02-01
[2026-05-21 20:48:08] Hasta: 2026-02-28
[2026-05-21 20:48:08] Entorno: central
[2026-05-21 20:48:08] Incluyendo archivo de conexión...
[2026-05-21 20:48:08] Creando conexión a base de datos (entorno: central)...
[2026-05-21 20:48:08] Conexión establecida exitosamente
[2026-05-21 20:48:08] Actualizando estado a EN_PROCESO (10%)...
[2026-05-21 20:48:08] Estado actualizado a EN_PROCESO
[2026-05-21 20:48:08] Actualizando progreso a 30%...
[2026-05-21 20:48:08] Ejecutando RO_SP_PRORRATEAR_INTEGRAL_V2...
[2026-05-21 20:49:30] Resultado de ejecución SP V2: OK
[2026-05-21 20:49:30] SP V2 ejecutado exitosamente
[2026-05-21 20:49:30] Marcando proceso como COMPLETADO...
[2026-05-21 20:49:30] Proceso marcado como COMPLETADO exitosamente
[2026-05-21 20:49:30] === FIN EXITOSO DEL PROCESO ===
[2026-09-01 01:57:37] === INICIO PROCESO DE PRORRATEO ===
[2026-09-01 01:57:37] Argumentos recibidos: Array
(
    [0] => D:\htdocs\administracion\contabilidad\controller/ejecutar_prorrateo.php
    [1] => 21
    [2] => 2026-04-01
    [3] => 2026-04-30
    [4] => central
)

[2026-09-01 01:57:37] ID Proceso: 21
[2026-09-01 01:57:37] Desde: 2026-04-01
[2026-09-01 01:57:37] Hasta: 2026-04-30
[2026-09-01 01:57:37] Entorno: central
[2026-09-01 01:57:37] Incluyendo archivo de conexión...
[2026-09-01 01:57:37] Creando conexión a base de datos (entorno: central)...
[2026-09-01 01:57:37] Conexión establecida exitosamente
[2026-09-01 01:57:37] Actualizando estado a EN_PROCESO (10%)...
[2026-09-01 01:57:37] Estado actualizado a EN_PROCESO
[2026-09-01 01:57:37] Actualizando progreso a 30%...
[2026-09-01 01:57:37] Ejecutando RO_SP_PRORRATEAR_INTEGRAL_V2...
[2026-09-01 01:59:18] Resultado de ejecución SP V2: OK
[2026-09-01 01:59:18] SP V2 ejecutado exitosamente
[2026-09-01 01:59:18] Marcando proceso como COMPLETADO...
[2026-09-01 01:59:18] Proceso marcado como COMPLETADO exitosamente
[2026-09-01 01:59:18] === FIN EXITOSO DEL PROCESO ===
[2026-09-01 02:10:31] === INICIO PROCESO DE PRORRATEO ===
[2026-09-01 02:10:31] Argumentos recibidos: Array
(
    [0] => D:\htdocs\administracion\contabilidad\controller/ejecutar_prorrateo.php
    [1] => 22
    [2] => 2026-04-01
    [3] => 2026-04-30
    [4] => central
)

[2026-09-01 02:10:31] ID Proceso: 22
[2026-09-01 02:10:31] Desde: 2026-04-01
[2026-09-01 02:10:31] Hasta: 2026-04-30
[2026-09-01 02:10:31] Entorno: central
[2026-09-01 02:10:31] Incluyendo archivo de conexión...
[2026-09-01 02:10:31] Creando conexión a base de datos (entorno: central)...
[2026-09-01 02:10:31] Conexión establecida exitosamente
[2026-09-01 02:10:31] Actualizando estado a EN_PROCESO (10%)...
[2026-09-01 02:10:31] Estado actualizado a EN_PROCESO
[2026-09-01 02:10:31] Actualizando progreso a 30%...
[2026-09-01 02:10:31] Ejecutando RO_SP_PRORRATEAR_INTEGRAL_V2...
[2026-09-01 02:11:59] Resultado de ejecución SP V2: OK
[2026-09-01 02:11:59] SP V2 ejecutado exitosamente
[2026-09-01 02:11:59] Marcando proceso como COMPLETADO...
[2026-09-01 02:11:59] Proceso marcado como COMPLETADO exitosamente
[2026-09-01 02:11:59] === FIN EXITOSO DEL PROCESO ===
[2026-09-01 02:14:53] === INICIO PROCESO DE PRORRATEO ===
[2026-09-01 02:14:53] Argumentos recibidos: Array
(
    [0] => D:\htdocs\administracion\contabilidad\controller/ejecutar_prorrateo.php
    [1] => 23
    [2] => 2026-04-01
    [3] => 2026-04-30
    [4] => central
)

[2026-09-01 02:14:53] ID Proceso: 23
[2026-09-01 02:14:53] Desde: 2026-04-01
[2026-09-01 02:14:53] Hasta: 2026-04-30
[2026-09-01 02:14:53] Entorno: central
[2026-09-01 02:14:53] Incluyendo archivo de conexión...
[2026-09-01 02:14:53] Creando conexión a base de datos (entorno: central)...
[2026-09-01 02:14:53] Conexión establecida exitosamente
[2026-09-01 02:14:53] Actualizando estado a EN_PROCESO (10%)...
[2026-09-01 02:14:53] Estado actualizado a EN_PROCESO
[2026-09-01 02:14:53] Actualizando progreso a 30%...
[2026-09-01 02:14:53] Ejecutando RO_SP_PRORRATEAR_INTEGRAL_V2...
[2026-09-01 02:16:40] Resultado de ejecución SP V2: OK
[2026-09-01 02:16:40] SP V2 ejecutado exitosamente
[2026-09-01 02:16:40] Marcando proceso como COMPLETADO...
[2026-09-01 02:16:40] Proceso marcado como COMPLETADO exitosamente
[2026-09-01 02:16:40] === FIN EXITOSO DEL PROCESO ===
[2026-09-01 02:18:42] === INICIO PROCESO DE PRORRATEO ===
[2026-09-01 02:18:42] Argumentos recibidos: Array
(
    [0] => D:\htdocs\administracion\contabilidad\controller/ejecutar_prorrateo.php
    [1] => 24
    [2] => 2026-04-01
    [3] => 2026-04-30
    [4] => central
)

[2026-09-01 02:18:42] ID Proceso: 24
[2026-09-01 02:18:42] Desde: 2026-04-01
[2026-09-01 02:18:42] Hasta: 2026-04-30
[2026-09-01 02:18:42] Entorno: central
[2026-09-01 02:18:42] Incluyendo archivo de conexión...
[2026-09-01 02:18:42] Creando conexión a base de datos (entorno: central)...
[2026-09-01 02:18:42] Conexión establecida exitosamente
[2026-09-01 02:18:42] Actualizando estado a EN_PROCESO (10%)...
[2026-09-01 02:18:42] Estado actualizado a EN_PROCESO
[2026-09-01 02:18:42] Actualizando progreso a 30%...
[2026-09-01 02:18:42] Ejecutando RO_SP_PRORRATEAR_INTEGRAL_V2...
[2026-09-01 02:20:36] Resultado de ejecución SP V2: OK
[2026-09-01 02:20:36] SP V2 ejecutado exitosamente
[2026-09-01 02:20:36] Marcando proceso como COMPLETADO...
[2026-09-01 02:20:36] Proceso marcado como COMPLETADO exitosamente
[2026-09-01 02:20:36] === FIN EXITOSO DEL PROCESO ===
[2026-09-01 02:22:34] === INICIO PROCESO DE PRORRATEO ===
[2026-09-01 02:22:34] Argumentos recibidos: Array
(
    [0] => D:\htdocs\administracion\contabilidad\controller/ejecutar_prorrateo.php
    [1] => 25
    [2] => 2026-04-01
    [3] => 2026-04-30
    [4] => central
)

[2026-09-01 02:22:34] ID Proceso: 25
[2026-09-01 02:22:34] Desde: 2026-04-01
[2026-09-01 02:22:34] Hasta: 2026-04-30
[2026-09-01 02:22:34] Entorno: central
[2026-09-01 02:22:34] Incluyendo archivo de conexión...
[2026-09-01 02:22:34] Creando conexión a base de datos (entorno: central)...
[2026-09-01 02:22:34] Conexión establecida exitosamente
[2026-09-01 02:22:34] Actualizando estado a EN_PROCESO (10%)...
[2026-09-01 02:22:34] Estado actualizado a EN_PROCESO
[2026-09-01 02:22:34] Actualizando progreso a 30%...
[2026-09-01 02:22:34] Ejecutando RO_SP_PRORRATEAR_INTEGRAL_V2...
[2026-09-01 02:24:09] Resultado de ejecución SP V2: OK
[2026-09-01 02:24:09] SP V2 ejecutado exitosamente
[2026-09-01 02:24:09] Marcando proceso como COMPLETADO...
[2026-09-01 02:24:09] Proceso marcado como COMPLETADO exitosamente
[2026-09-01 02:24:09] === FIN EXITOSO DEL PROCESO ===
[2026-09-01 02:39:43] === INICIO PROCESO DE PRORRATEO ===
[2026-09-01 02:39:43] Argumentos recibidos: Array
(
    [0] => D:\htdocs\administracion\contabilidad\controller/ejecutar_prorrateo.php
    [1] => 26
    [2] => 2026-05-01
    [3] => 2026-05-31
    [4] => central
)

[2026-09-01 02:39:43] ID Proceso: 26
[2026-09-01 02:39:43] Desde: 2026-05-01
[2026-09-01 02:39:43] Hasta: 2026-05-31
[2026-09-01 02:39:43] Entorno: central
[2026-09-01 02:39:43] Incluyendo archivo de conexión...
[2026-09-01 02:39:43] Creando conexión a base de datos (entorno: central)...
[2026-09-01 02:39:44] Conexión establecida exitosamente
[2026-09-01 02:39:44] Actualizando estado a EN_PROCESO (10%)...
[2026-09-01 02:39:44] Estado actualizado a EN_PROCESO
[2026-09-01 02:39:44] Actualizando progreso a 30%...
[2026-09-01 02:39:44] Ejecutando RO_SP_PRORRATEAR_INTEGRAL_V2...
[2026-09-01 02:41:17] Resultado de ejecución SP V2: OK
[2026-09-01 02:41:17] SP V2 ejecutado exitosamente
[2026-09-01 02:41:17] Marcando proceso como COMPLETADO...
[2026-09-01 02:41:17] Proceso marcado como COMPLETADO exitosamente
[2026-09-01 02:41:17] === FIN EXITOSO DEL PROCESO ===
[2026-09-01 02:42:13] === INICIO PROCESO DE PRORRATEO ===
[2026-09-01 02:42:13] Argumentos recibidos: Array
(
    [0] => D:\htdocs\administracion\contabilidad\controller/ejecutar_prorrateo.php
    [1] => 27
    [2] => 2026-05-01
    [3] => 2026-05-31
    [4] => central
)

[2026-09-01 02:42:13] ID Proceso: 27
[2026-09-01 02:42:13] Desde: 2026-05-01
[2026-09-01 02:42:13] Hasta: 2026-05-31
[2026-09-01 02:42:13] Entorno: central
[2026-09-01 02:42:13] Incluyendo archivo de conexión...
[2026-09-01 02:42:13] Creando conexión a base de datos (entorno: central)...
[2026-09-01 02:42:13] Conexión establecida exitosamente
[2026-09-01 02:42:13] Actualizando estado a EN_PROCESO (10%)...
[2026-09-01 02:42:13] Estado actualizado a EN_PROCESO
[2026-09-01 02:42:13] Actualizando progreso a 30%...
[2026-09-01 02:42:13] Ejecutando RO_SP_PRORRATEAR_INTEGRAL_V2...
[2026-09-01 02:43:36] Resultado de ejecución SP V2: OK
[2026-09-01 02:43:36] SP V2 ejecutado exitosamente
[2026-09-01 02:43:36] Marcando proceso como COMPLETADO...
[2026-09-01 02:43:36] Proceso marcado como COMPLETADO exitosamente
[2026-09-01 02:43:36] === FIN EXITOSO DEL PROCESO ===
[2026-09-01 02:45:15] === INICIO PROCESO DE PRORRATEO ===
[2026-09-01 02:45:15] Argumentos recibidos: Array
(
    [0] => D:\htdocs\administracion\contabilidad\controller/ejecutar_prorrateo.php
    [1] => 28
    [2] => 2026-05-01
    [3] => 2026-05-31
    [4] => central
)

[2026-09-01 02:45:15] ID Proceso: 28
[2026-09-01 02:45:15] Desde: 2026-05-01
[2026-09-01 02:45:15] Hasta: 2026-05-31
[2026-09-01 02:45:15] Entorno: central
[2026-09-01 02:45:15] Incluyendo archivo de conexión...
[2026-09-01 02:45:15] Creando conexión a base de datos (entorno: central)...
[2026-09-01 02:45:15] Conexión establecida exitosamente
[2026-09-01 02:45:15] Actualizando estado a EN_PROCESO (10%)...
[2026-09-01 02:45:15] Estado actualizado a EN_PROCESO
[2026-09-01 02:45:15] Actualizando progreso a 30%...
[2026-09-01 02:45:15] Ejecutando RO_SP_PRORRATEAR_INTEGRAL_V2...
[2026-09-01 02:46:53] Resultado de ejecución SP V2: OK
[2026-09-01 02:46:53] SP V2 ejecutado exitosamente
[2026-09-01 02:46:53] Marcando proceso como COMPLETADO...
[2026-09-01 02:46:53] Proceso marcado como COMPLETADO exitosamente
[2026-09-01 02:46:53] === FIN EXITOSO DEL PROCESO ===
[2026-09-01 02:54:15] === INICIO PROCESO DE PRORRATEO ===
[2026-09-01 02:54:15] Argumentos recibidos: Array
(
    [0] => D:\htdocs\administracion\contabilidad\controller/ejecutar_prorrateo.php
    [1] => 29
    [2] => 2026-05-01
    [3] => 2026-05-31
    [4] => central
)

[2026-09-01 02:54:15] ID Proceso: 29
[2026-09-01 02:54:15] Desde: 2026-05-01
[2026-09-01 02:54:15] Hasta: 2026-05-31
[2026-09-01 02:54:15] Entorno: central
[2026-09-01 02:54:15] Incluyendo archivo de conexión...
[2026-09-01 02:54:15] Creando conexión a base de datos (entorno: central)...
[2026-09-01 02:54:15] Conexión establecida exitosamente
[2026-09-01 02:54:15] Actualizando estado a EN_PROCESO (10%)...
[2026-09-01 02:54:15] Estado actualizado a EN_PROCESO
[2026-09-01 02:54:15] Actualizando progreso a 30%...
[2026-09-01 02:54:15] Ejecutando RO_SP_PRORRATEAR_INTEGRAL_V2...
[2026-09-01 02:56:07] Resultado de ejecución SP V2: OK
[2026-09-01 02:56:07] SP V2 ejecutado exitosamente
[2026-09-01 02:56:07] Marcando proceso como COMPLETADO...
[2026-09-01 02:56:07] Proceso marcado como COMPLETADO exitosamente
[2026-09-01 02:56:07] === FIN EXITOSO DEL PROCESO ===
[2026-09-01 04:52:03] === INICIO PROCESO DE PRORRATEO ===
[2026-09-01 04:52:03] Argumentos recibidos: Array
(
    [0] => D:\htdocs\administracion\contabilidad\controller/ejecutar_prorrateo.php
    [1] => 30
    [2] => 2026-01-01
    [3] => 2026-01-31
    [4] => central
)

[2026-09-01 04:52:03] ID Proceso: 30
[2026-09-01 04:52:03] Desde: 2026-01-01
[2026-09-01 04:52:03] Hasta: 2026-01-31
[2026-09-01 04:52:03] Entorno: central
[2026-09-01 04:52:03] Incluyendo archivo de conexión...
[2026-09-01 04:52:03] Creando conexión a base de datos (entorno: central)...
[2026-09-01 04:52:03] Conexión establecida exitosamente
[2026-09-01 04:52:03] Actualizando estado a EN_PROCESO (10%)...
[2026-09-01 04:52:03] Estado actualizado a EN_PROCESO
[2026-09-01 04:52:03] Actualizando progreso a 30%...
[2026-09-01 04:52:03] Ejecutando RO_SP_PRORRATEAR_INTEGRAL_V2...
[2026-09-01 04:53:54] Resultado de ejecución SP V2: OK
[2026-09-01 04:53:54] SP V2 ejecutado exitosamente
[2026-09-01 04:53:54] Marcando proceso como COMPLETADO...
[2026-09-01 04:53:54] Proceso marcado como COMPLETADO exitosamente
[2026-09-01 04:53:54] === FIN EXITOSO DEL PROCESO ===
[2026-09-01 04:57:08] === INICIO PROCESO DE PRORRATEO ===
[2026-09-01 04:57:08] Argumentos recibidos: Array
(
    [0] => D:\htdocs\administracion\contabilidad\controller/ejecutar_prorrateo.php
    [1] => 31
    [2] => 2026-02-01
    [3] => 2026-02-28
    [4] => central
)

[2026-09-01 04:57:08] ID Proceso: 31
[2026-09-01 04:57:08] Desde: 2026-02-01
[2026-09-01 04:57:08] Hasta: 2026-02-28
[2026-09-01 04:57:08] Entorno: central
[2026-09-01 04:57:08] Incluyendo archivo de conexión...
[2026-09-01 04:57:08] Creando conexión a base de datos (entorno: central)...
[2026-09-01 04:57:08] Conexión establecida exitosamente
[2026-09-01 04:57:08] Actualizando estado a EN_PROCESO (10%)...
[2026-09-01 04:57:08] Estado actualizado a EN_PROCESO
[2026-09-01 04:57:08] Actualizando progreso a 30%...
[2026-09-01 04:57:08] Ejecutando RO_SP_PRORRATEAR_INTEGRAL_V2...
[2026-09-01 04:58:54] Resultado de ejecución SP V2: OK
[2026-09-01 04:58:54] SP V2 ejecutado exitosamente
[2026-09-01 04:58:54] Marcando proceso como COMPLETADO...
[2026-09-01 04:58:54] Proceso marcado como COMPLETADO exitosamente
[2026-09-01 04:58:54] === FIN EXITOSO DEL PROCESO ===
[2026-09-01 05:01:20] === INICIO PROCESO DE PRORRATEO ===
[2026-09-01 05:01:20] Argumentos recibidos: Array
(
    [0] => D:\htdocs\administracion\contabilidad\controller/ejecutar_prorrateo.php
    [1] => 32
    [2] => 2026-03-01
    [3] => 2026-03-31
    [4] => central
)

[2026-09-01 05:01:20] ID Proceso: 32
[2026-09-01 05:01:20] Desde: 2026-03-01
[2026-09-01 05:01:20] Hasta: 2026-03-31
[2026-09-01 05:01:20] Entorno: central
[2026-09-01 05:01:20] Incluyendo archivo de conexión...
[2026-09-01 05:01:20] Creando conexión a base de datos (entorno: central)...
[2026-09-01 05:01:20] Conexión establecida exitosamente
[2026-09-01 05:01:20] Actualizando estado a EN_PROCESO (10%)...
[2026-09-01 05:01:20] Estado actualizado a EN_PROCESO
[2026-09-01 05:01:20] Actualizando progreso a 30%...
[2026-09-01 05:01:20] Ejecutando RO_SP_PRORRATEAR_INTEGRAL_V2...
[2026-09-01 05:03:24] Resultado de ejecución SP V2: OK
[2026-09-01 05:03:24] SP V2 ejecutado exitosamente
[2026-09-01 05:03:24] Marcando proceso como COMPLETADO...
[2026-09-01 05:03:24] Proceso marcado como COMPLETADO exitosamente
[2026-09-01 05:03:24] === FIN EXITOSO DEL PROCESO ===
[2026-09-01 13:19:31] === INICIO PROCESO DE PRORRATEO ===
[2026-09-01 13:19:31] Argumentos recibidos: Array
(
    [0] => D:\htdocs\administracion\contabilidad\controller/ejecutar_prorrateo.php
    [1] => 33
    [2] => 2026-04-01
    [3] => 2026-04-30
    [4] => central
)

[2026-09-01 13:19:31] ID Proceso: 33
[2026-09-01 13:19:31] Desde: 2026-04-01
[2026-09-01 13:19:31] Hasta: 2026-04-30
[2026-09-01 13:19:31] Entorno: central
[2026-09-01 13:19:31] Incluyendo archivo de conexión...
[2026-09-01 13:19:31] Creando conexión a base de datos (entorno: central)...
[2026-09-01 13:19:31] Conexión establecida exitosamente
[2026-09-01 13:19:31] Actualizando estado a EN_PROCESO (10%)...
[2026-09-01 13:19:31] Estado actualizado a EN_PROCESO
[2026-09-01 13:19:31] Actualizando progreso a 30%...
[2026-09-01 13:19:31] Ejecutando RO_SP_PRORRATEAR_INTEGRAL_V2...
[2026-09-01 13:22:25] Resultado de ejecución SP V2: OK
[2026-09-01 13:22:25] SP V2 ejecutado exitosamente
[2026-09-01 13:22:25] Marcando proceso como COMPLETADO...
[2026-09-01 13:22:25] Proceso marcado como COMPLETADO exitosamente
[2026-09-01 13:22:25] === FIN EXITOSO DEL PROCESO ===
[2026-09-01 13:56:09] === INICIO PROCESO DE PRORRATEO ===
[2026-09-01 13:56:09] Argumentos recibidos: Array
(
    [0] => D:\htdocs\administracion\contabilidad\controller/ejecutar_prorrateo.php
    [1] => 34
    [2] => 2026-04-01
    [3] => 2026-04-30
    [4] => central
)

[2026-09-01 13:56:09] ID Proceso: 34
[2026-09-01 13:56:09] Desde: 2026-04-01
[2026-09-01 13:56:09] Hasta: 2026-04-30
[2026-09-01 13:56:09] Entorno: central
[2026-09-01 13:56:09] Incluyendo archivo de conexión...
[2026-09-01 13:56:09] Creando conexión a base de datos (entorno: central)...
[2026-09-01 13:56:10] Conexión establecida exitosamente
[2026-09-01 13:56:10] Actualizando estado a EN_PROCESO (10%)...
[2026-09-01 13:56:10] Estado actualizado a EN_PROCESO
[2026-09-01 13:56:10] Actualizando progreso a 30%...
[2026-09-01 13:56:10] Ejecutando RO_SP_PRORRATEAR_INTEGRAL_V2...
[2026-09-01 13:59:06] Resultado de ejecución SP V2: OK
[2026-09-01 13:59:06] SP V2 ejecutado exitosamente
[2026-09-01 13:59:06] Marcando proceso como COMPLETADO...
[2026-09-01 13:59:06] Proceso marcado como COMPLETADO exitosamente
[2026-09-01 13:59:06] === FIN EXITOSO DEL PROCESO ===
[2026-09-01 14:20:21] === INICIO PROCESO DE PRORRATEO ===
[2026-09-01 14:20:21] Argumentos recibidos: Array
(
    [0] => D:\htdocs\administracion\contabilidad\controller/ejecutar_prorrateo.php
    [1] => 35
    [2] => 2026-04-01
    [3] => 2026-04-30
    [4] => central
)

[2026-09-01 14:20:21] ID Proceso: 35
[2026-09-01 14:20:21] Desde: 2026-04-01
[2026-09-01 14:20:21] Hasta: 2026-04-30
[2026-09-01 14:20:21] Entorno: central
[2026-09-01 14:20:21] Incluyendo archivo de conexión...
[2026-09-01 14:20:21] Creando conexión a base de datos (entorno: central)...
[2026-09-01 14:20:21] Conexión establecida exitosamente
[2026-09-01 14:20:21] Actualizando estado a EN_PROCESO (10%)...
[2026-09-01 14:20:21] Estado actualizado a EN_PROCESO
[2026-09-01 14:20:21] Actualizando progreso a 30%...
[2026-09-01 14:20:21] Ejecutando RO_SP_PRORRATEAR_INTEGRAL_V2...
[2026-09-01 14:20:46] Resultado de ejecución SP V2: OK
[2026-09-01 14:20:46] SP V2 ejecutado exitosamente
[2026-09-01 14:20:46] Marcando proceso como COMPLETADO...
[2026-09-01 14:20:46] Proceso marcado como COMPLETADO exitosamente
[2026-09-01 14:20:46] === FIN EXITOSO DEL PROCESO ===
[2026-09-01 14:32:23] === INICIO PROCESO DE PRORRATEO ===
[2026-09-01 14:32:23] Argumentos recibidos: Array
(
    [0] => D:\htdocs\administracion\contabilidad\controller/ejecutar_prorrateo.php
    [1] => 36
    [2] => 2026-04-01
    [3] => 2026-04-30
    [4] => central
)

[2026-09-01 14:32:23] ID Proceso: 36
[2026-09-01 14:32:23] Desde: 2026-04-01
[2026-09-01 14:32:23] Hasta: 2026-04-30
[2026-09-01 14:32:23] Entorno: central
[2026-09-01 14:32:23] Incluyendo archivo de conexión...
[2026-09-01 14:32:23] Creando conexión a base de datos (entorno: central)...
[2026-09-01 14:32:23] Conexión establecida exitosamente
[2026-09-01 14:32:23] Actualizando estado a EN_PROCESO (10%)...
[2026-09-01 14:32:23] Estado actualizado a EN_PROCESO
[2026-09-01 14:32:23] Actualizando progreso a 30%...
[2026-09-01 14:32:23] Ejecutando RO_SP_PRORRATEAR_INTEGRAL_V2...
[2026-09-01 14:32:43] Resultado de ejecución SP V2: OK
[2026-09-01 14:32:43] SP V2 ejecutado exitosamente
[2026-09-01 14:32:43] Marcando proceso como COMPLETADO...
[2026-09-01 14:32:43] Proceso marcado como COMPLETADO exitosamente
[2026-09-01 14:32:43] === FIN EXITOSO DEL PROCESO ===
[2026-09-01 14:39:53] === INICIO PROCESO DE PRORRATEO ===
[2026-09-01 14:39:53] Argumentos recibidos: Array
(
    [0] => D:\htdocs\administracion\contabilidad\controller/ejecutar_prorrateo.php
    [1] => 37
    [2] => 2026-05-01
    [3] => 2026-05-31
    [4] => central
)

[2026-09-01 14:39:53] ID Proceso: 37
[2026-09-01 14:39:53] Desde: 2026-05-01
[2026-09-01 14:39:53] Hasta: 2026-05-31
[2026-09-01 14:39:53] Entorno: central
[2026-09-01 14:39:53] Incluyendo archivo de conexión...
[2026-09-01 14:39:53] Creando conexión a base de datos (entorno: central)...
[2026-09-01 14:39:53] Conexión establecida exitosamente
[2026-09-01 14:39:53] Actualizando estado a EN_PROCESO (10%)...
[2026-09-01 14:39:53] Estado actualizado a EN_PROCESO
[2026-09-01 14:39:53] Actualizando progreso a 30%...
[2026-09-01 14:39:53] Ejecutando RO_SP_PRORRATEAR_INTEGRAL_V2...
[2026-09-01 14:43:34] Resultado de ejecución SP V2: OK
[2026-09-01 14:43:34] SP V2 ejecutado exitosamente
[2026-09-01 14:43:34] Marcando proceso como COMPLETADO...
[2026-09-01 14:43:34] Proceso marcado como COMPLETADO exitosamente
[2026-09-01 14:43:34] === FIN EXITOSO DEL PROCESO ===
[2026-09-01 14:56:09] === INICIO PROCESO DE PRORRATEO ===
[2026-09-01 14:56:09] Argumentos recibidos: Array
(
    [0] => D:\htdocs\administracion\contabilidad\controller/ejecutar_prorrateo.php
    [1] => 38
    [2] => 2026-06-01
    [3] => 2026-06-30
    [4] => central
)

[2026-09-01 14:56:09] ID Proceso: 38
[2026-09-01 14:56:09] Desde: 2026-06-01
[2026-09-01 14:56:09] Hasta: 2026-06-30
[2026-09-01 14:56:09] Entorno: central
[2026-09-01 14:56:09] Incluyendo archivo de conexión...
[2026-09-01 14:56:09] Creando conexión a base de datos (entorno: central)...
[2026-09-01 14:56:09] Conexión establecida exitosamente
[2026-09-01 14:56:09] Actualizando estado a EN_PROCESO (10%)...
[2026-09-01 14:56:09] Estado actualizado a EN_PROCESO
[2026-09-01 14:56:09] Actualizando progreso a 30%...
[2026-09-01 14:56:09] Ejecutando RO_SP_PRORRATEAR_INTEGRAL_V2...
[2026-09-01 14:59:20] Resultado de ejecución SP V2: OK
[2026-09-01 14:59:20] SP V2 ejecutado exitosamente
[2026-09-01 14:59:20] Marcando proceso como COMPLETADO...
[2026-09-01 14:59:20] Proceso marcado como COMPLETADO exitosamente
[2026-09-01 14:59:20] === FIN EXITOSO DEL PROCESO ===
