[2026-03-30 15:10:33] Enviando mail a: mariela.gueler@xl.com.ar | Asunto: Acción de Cliente en Portal: Propuesta #2350
[2026-03-30 15:10:37] Mail enviado con éxito!
[2026-03-30 15:18:31] Preparando mail para Admin para propuesta #2350
[2026-03-30 15:18:32] Enviando mail a: mariela.gueler@xl.com.ar | Asunto: Nueva Documentación Adjunta: Propuesta #2350
[2026-03-30 15:18:41] ERROR PHPMailer: SMTP Error: data not accepted.SMTP server error: DATA END command failed Detail: Mail server temporarily rejected message. For more information, go to
 https://support.google.com/a/answer/3221692 71dfb90a1353d-56d589f9c0esm8219712e0c.9 - gsmtp
 SMTP code: 451 Additional SMTP info: 4.3.0
[2026-03-30 15:21:11] Preparando mail para Admin para propuesta #2350
[2026-03-30 15:21:11] Enviando mail a: mariela.gueler@xl.com.ar | Asunto: Nueva Documentación Adjunta: Propuesta #2350
[2026-03-30 15:21:15] Mail enviado con éxito!
[2026-03-30 16:22:40] Enviando mail a: solekeil@hotmail.com;valesherrera@hotmail.com;nazamajo@gmail.com | Asunto: Nueva Propuesta de Pago Recibida (ID: #2352)
[2026-03-30 16:22:44] Mail enviado con éxito!
[2026-03-30 16:24:03] Enviando mail a: solekeil@hotmail.com;valesherrera@hotmail.com;nazamajo@gmail.com | Asunto: Nueva Propuesta de Pago Recibida (ID: #2353)
[2026-03-30 16:24:08] Mail enviado con éxito!
[2026-03-30 16:25:27] Enviando mail a: solekeil@hotmail.com;valesherrera@hotmail.com;nazamajo@gmail.com | Asunto: Nueva Propuesta de Pago Recibida (ID: #2354)
[2026-03-30 16:25:32] Mail enviado con éxito!
[2026-03-30 16:27:00] Enviando mail a: solekeil@hotmail.com;valesherrera@hotmail.com;nazamajo@gmail.com | Asunto: Nueva Propuesta de Pago Recibida (ID: #2355)
[2026-03-30 16:27:04] Mail enviado con éxito!
[2026-03-30 16:51:18] Enviando mail a: martinxl@speedy.com.ar | Asunto: Nueva Propuesta de Pago Recibida (ID: #2356)
[2026-03-30 16:51:22] Mail enviado con éxito!
[2026-03-30 16:52:30] Enviando mail a: martinxl@speedy.com.ar | Asunto: Nueva Propuesta de Pago Recibida (ID: #2357)
[2026-03-30 16:52:33] Mail enviado con éxito!
[2026-03-30 16:54:51] Enviando mail a: destefanolu23@gmail.com | Asunto: Nueva Propuesta de Pago Recibida (ID: #2358)
[2026-03-30 16:54:54] Mail enviado con éxito!
[2026-03-30 16:57:25] Enviando mail a: pablito.levi@gmail.com;grazianonaty@hotmail.com | Asunto: Nueva Propuesta de Pago Recibida (ID: #2359)
[2026-03-30 16:57:29] Mail enviado con éxito!
[2026-03-30 16:58:44] Enviando mail a: pablito.levi@gmail.com;grazianonaty@hotmail.com | Asunto: Nueva Propuesta de Pago Recibida (ID: #2360)
[2026-03-30 16:58:49] Mail enviado con éxito!
[2026-03-30 16:59:35] Enviando mail a: pablito.levi@gmail.com;grazianonaty@hotmail.com | Asunto: Nueva Propuesta de Pago Recibida (ID: #2361)
[2026-03-30 16:59:38] Mail enviado con éxito!
[2026-03-30 17:00:13] Enviando mail a: pablito.levi@gmail.com;grazianonaty@hotmail.com | Asunto: Nueva Propuesta de Pago Recibida (ID: #2362)
[2026-03-30 17:00:18] Mail enviado con éxito!
[2026-03-30 17:00:55] Enviando mail a: pablito.levi@gmail.com;grazianonaty@hotmail.com | Asunto: Nueva Propuesta de Pago Recibida (ID: #2363)
[2026-03-30 17:00:59] Mail enviado con éxito!
[2026-03-30 17:03:31] Enviando mail a: alemierze1965@gmail.com | Asunto: Nueva Propuesta de Pago Recibida (ID: #2364)
[2026-03-30 17:03:35] Mail enviado con éxito!
[2026-03-30 17:04:26] Enviando mail a: loli.manasanch@hotmail.com | Asunto: Nueva Propuesta de Pago Recibida (ID: #2365)
[2026-03-30 17:04:31] Mail enviado con éxito!
[2026-03-30 17:32:29] Enviando mail a: mariela.gueler@xl.com.ar | Asunto: Acción de Cliente en Portal: Propuesta #2358
[2026-03-30 17:32:33] Mail enviado con éxito!
[2026-03-30 17:38:02] Preparando mail para Admin para propuesta #2358
[2026-03-30 17:38:03] Enviando mail a: mariela.gueler@xl.com.ar | Asunto: Nueva Documentación Adjunta: Propuesta #2358
[2026-03-30 17:38:07] Mail enviado con éxito!
[2026-03-30 19:38:20] Enviando mail a: juliocinalli@gmail.com | Asunto: Nueva Propuesta de Pago Recibida (ID: #2366)
[2026-03-30 19:38:24] Mail enviado con éxito!
[2026-03-30 19:57:04] Enviando mail a: sveritier@gmail.com | Asunto: Nueva Propuesta de Pago Recibida (ID: #2367)
[2026-03-30 19:57:08] Mail enviado con éxito!
[2026-03-30 20:40:41] Enviando mail a: mariela.gueler@xl.com.ar | Asunto: Acción de Cliente en Portal: Propuesta #2330
[2026-03-30 20:40:45] Mail enviado con éxito!
[2026-03-30 20:41:10] Enviando mail a: mariela.gueler@xl.com.ar | Asunto: Acción de Cliente en Portal: Propuesta #2328
[2026-03-30 20:41:13] Mail enviado con éxito!
[2026-03-30 20:41:29] Enviando mail a: mariela.gueler@xl.com.ar | Asunto: Acción de Cliente en Portal: Propuesta #2326
[2026-03-30 20:41:32] Mail enviado con éxito!
[2026-03-30 20:46:07] Enviando mail a: soledaddagrossa@outlook.com | Asunto: Contrapropuesta Aceptada (ID: #2351)
[2026-03-30 20:46:11] Mail enviado con éxito!
[2026-03-31 12:41:33] Enviando mail a: loli.manasanch@hotmail.com | Asunto: Nueva Propuesta de Pago Recibida (ID: #2368)
[2026-03-31 12:41:37] Mail enviado con éxito!
[2026-03-31 13:26:26] Enviando mail a: eugezurvera@gmail.com | Asunto: Nueva Propuesta de Pago Recibida (ID: #2369)
[2026-03-31 13:26:30] Mail enviado con éxito!
[2026-03-31 13:30:13] Enviando mail a: eugezurvera@gmail.com | Asunto: Nueva Propuesta de Pago Recibida (ID: #2370)
[2026-03-31 13:30:17] Mail enviado con éxito!
[2026-03-31 13:51:22] Enviando mail a: admvivalea@gmail.com | Asunto: Nueva Propuesta de Pago Recibida (ID: #2371)
[2026-03-31 13:51:25] Mail enviado con éxito!
[2026-03-31 13:53:52] Enviando mail a: admvivalea@gmail.com | Asunto: Nueva Propuesta de Pago Recibida (ID: #2372)
[2026-03-31 13:53:56] Mail enviado con éxito!
[2026-03-31 14:08:58] Enviando mail a: normaseoane@gmail.com | Asunto: Nueva Propuesta de Pago Recibida (ID: #2373)
[2026-03-31 14:09:02] Mail enviado con éxito!
[2026-03-31 14:10:05] Enviando mail a: normaseoane@gmail.com | Asunto: Nueva Propuesta de Pago Recibida (ID: #2374)
[2026-03-31 14:10:09] Mail enviado con éxito!
[2026-03-31 14:24:36] Enviando mail a: huifersrl@gmail.com | Asunto: Nueva Propuesta de Pago Recibida (ID: #2375)
[2026-03-31 14:24:40] Mail enviado con éxito!
[2026-03-31 14:26:54] Enviando mail a: huifersrl@gmail.com | Asunto: Nueva Propuesta de Pago Recibida (ID: #2376)
[2026-03-31 14:26:58] Mail enviado con éxito!
[2026-03-31 14:34:55] Enviando mail a: Olmosluis6094@gmail.com | Asunto: Nueva Propuesta de Pago Recibida (ID: #2377)
[2026-03-31 14:34:59] Mail enviado con éxito!
[2026-03-31 14:36:50] Enviando mail a: Olmosluis6094@gmail.com | Asunto: Nueva Propuesta de Pago Recibida (ID: #2378)
[2026-03-31 14:36:54] Mail enviado con éxito!
[2026-03-31 14:37:38] Enviando mail a: Olmosluis6094@gmail.com | Asunto: Nueva Propuesta de Pago Recibida (ID: #2379)
[2026-03-31 14:37:42] Mail enviado con éxito!
[2026-03-31 14:56:13] Enviando mail a: Olmosluis6094@gmail.com | Asunto: Nueva Propuesta de Pago Recibida (ID: #2380)
[2026-03-31 14:56:17] Mail enviado con éxito!
[2026-03-31 14:56:52] Enviando mail a: Olmosluis6094@gmail.com | Asunto: Nueva Propuesta de Pago Recibida (ID: #2381)
[2026-03-31 14:56:56] Mail enviado con éxito!
[2026-03-31 15:46:12] Preparando mail para Admin para propuesta #2351
[2026-03-31 15:46:13] Enviando mail a: mariela.gueler@xl.com.ar | Asunto: Nueva Documentación Adjunta: Propuesta #2351
[2026-03-31 15:46:17] Mail enviado con éxito!
[2026-03-31 15:46:30] Preparando mail para Admin para propuesta #2351
[2026-03-31 15:46:31] Enviando mail a: mariela.gueler@xl.com.ar | Asunto: Nueva Documentación Adjunta: Propuesta #2351
[2026-03-31 15:46:34] Mail enviado con éxito!
[2026-03-31 15:46:42] Preparando mail para Admin para propuesta #2351
[2026-03-31 15:46:43] Enviando mail a: mariela.gueler@xl.com.ar | Asunto: Nueva Documentación Adjunta: Propuesta #2351
[2026-03-31 15:46:46] Mail enviado con éxito!
[2026-03-31 15:56:33] Enviando mail a: gimenez.raul@asesoresrg.com.ar | Asunto: Propuesta de Pago Vencida (#1327)
[2026-03-31 15:56:36] Mail enviado con éxito!
[2026-03-31 16:48:14] Enviando mail a: gimenez.raul@asesoresrg.com.ar | Asunto: Nueva Propuesta de Pago Recibida (ID: #2382)
[2026-03-31 16:48:17] Mail enviado con éxito!
[2026-03-31 16:53:42] Enviando mail a: mariela.gueler@xl.com.ar | Asunto: Acción de Cliente en Portal: Propuesta #2357
[2026-03-31 16:53:46] Mail enviado con éxito!
[2026-03-31 16:54:19] Preparando mail para Admin para propuesta #1318
[2026-03-31 16:54:19] Enviando mail a: mariela.gueler@xl.com.ar | Asunto: Nueva Documentación Adjunta: Propuesta #1318
[2026-03-31 16:54:24] Mail enviado con éxito!
[2026-03-31 17:01:22] Enviando mail a: mariela.gueler@xl.com.ar | Asunto: Acción de Cliente en Portal: Propuesta #2356
[2026-03-31 17:01:26] Mail enviado con éxito!
[2026-03-31 17:09:02] Enviando mail a: mariela.gueler@xl.com.ar | Asunto: Acción de Cliente en Portal: Propuesta #2382
[2026-03-31 17:09:05] Mail enviado con éxito!
[2026-03-31 17:35:31] Enviando mail a: gabrielortega37@hotmail.com | Asunto: Nueva Propuesta de Pago Recibida (ID: #2383)
[2026-03-31 17:35:34] Mail enviado con éxito!
[2026-03-31 17:47:20] Enviando mail a: josefina_zagari1@hotmail.com | Asunto: Nueva Propuesta de Pago Recibida (ID: #2384)
[2026-03-31 17:47:23] Mail enviado con éxito!
[2026-03-31 18:08:18] Enviando mail a: gimenez.raul@asesoresrg.com.ar | Asunto: Contrapropuesta Aceptada (ID: #2382)
[2026-03-31 18:08:22] Mail enviado con éxito!
[2026-03-31 18:09:31] Enviando mail a: toribioserrano@hotmail.com;mcbarbaranfarre@gmail.com;supervisionxlsalta@hotmail.com | Asunto: Contrapropuesta Aceptada (ID: #2330)
[2026-03-31 18:09:35] Mail enviado con éxito!
[2026-03-31 18:15:14] Enviando mail a: martinxl@speedy.com.ar | Asunto: Contrapropuesta Aceptada (ID: #2357)
[2026-03-31 18:15:18] Mail enviado con éxito!
[2026-03-31 20:34:36] Enviando mail a: mariela.gueler@xl.com.ar | Asunto: Acción de Cliente en Portal: Propuesta #2360
[2026-03-31 20:34:40] Mail enviado con éxito!
[2026-03-31 20:34:51] Enviando mail a: mariela.gueler@xl.com.ar | Asunto: Acción de Cliente en Portal: Propuesta #2363
[2026-03-31 20:34:56] Mail enviado con éxito!
[2026-03-31 20:35:05] Enviando mail a: mariela.gueler@xl.com.ar | Asunto: Acción de Cliente en Portal: Propuesta #2361
[2026-03-31 20:35:09] Mail enviado con éxito!
[2026-03-31 20:35:17] Enviando mail a: mariela.gueler@xl.com.ar | Asunto: Acción de Cliente en Portal: Propuesta #2359
[2026-03-31 20:35:21] Mail enviado con éxito!
[2026-03-31 20:35:31] Enviando mail a: mariela.gueler@xl.com.ar | Asunto: Acción de Cliente en Portal: Propuesta #2362
[2026-03-31 20:35:35] Mail enviado con éxito!
[2026-03-31 22:29:53] Preparando mail para Admin para propuesta #2382
[2026-03-31 22:29:53] Enviando mail a: mariela.gueler@xl.com.ar | Asunto: Nueva Documentación Adjunta: Propuesta #2382
[2026-03-31 22:29:58] Mail enviado con éxito!
[2026-03-31 22:30:05] Preparando mail para Admin para propuesta #2382
[2026-03-31 22:30:05] Enviando mail a: mariela.gueler@xl.com.ar | Asunto: Nueva Documentación Adjunta: Propuesta #2382
[2026-03-31 22:30:09] Mail enviado con éxito!
[2026-03-31 22:30:18] Preparando mail para Admin para propuesta #2382
[2026-03-31 22:30:18] Enviando mail a: mariela.gueler@xl.com.ar | Asunto: Nueva Documentación Adjunta: Propuesta #2382
[2026-03-31 22:30:21] Mail enviado con éxito!
[2026-03-31 22:30:28] Preparando mail para Admin para propuesta #2382
[2026-03-31 22:30:28] Enviando mail a: mariela.gueler@xl.com.ar | Asunto: Nueva Documentación Adjunta: Propuesta #2382
[2026-03-31 22:30:33] Mail enviado con éxito!
[2026-04-01 00:02:31] Enviando mail a: mariela.gueler@xl.com.ar | Asunto: Acción de Cliente en Portal: Propuesta #2364
[2026-04-01 00:02:35] Mail enviado con éxito!
[2026-04-01 00:35:22] Enviando mail a: mariela.gueler@xl.com.ar | Asunto: Acción de Cliente en Portal: Propuesta #2384
[2026-04-01 00:35:25] Mail enviado con éxito!
[2026-04-01 14:49:29] Enviando mail a: valloneflorencia@gmail.com | Asunto: Propuesta de Pago Vencida (#2342)
[2026-04-01 14:49:34] Mail enviado con éxito!
[2026-04-01 14:50:30] Enviando mail a: marcelo.andino@resol.com.ar | Asunto: Propuesta de Pago Vencida (#2340)
[2026-04-01 14:50:34] Mail enviado con éxito!
[2026-04-01 14:53:19] Enviando mail a: xlextralarge.pasodelparana@gmail.com | Asunto: Propuesta de Pago Vencida (#2338)
[2026-04-01 14:53:24] Mail enviado con éxito!
[2026-04-01 14:53:28] Enviando mail a: fjandreoli@gmail.com;miramonroxana@gmail.com | Asunto: Propuesta de Pago Vencida (#2337)
[2026-04-01 14:53:32] Mail enviado con éxito!
[2026-04-01 14:56:08] Enviando mail a: fjandreoli@gmail.com;miramonroxana@gmail.com | Asunto: Propuesta de Pago Vencida (#2336)
[2026-04-01 14:56:13] Mail enviado con éxito!
[2026-04-01 14:56:13] Enviando mail a: fjandreoli@gmail.com;miramonroxana@gmail.com | Asunto: Propuesta de Pago Vencida (#2335)
[2026-04-01 14:56:17] Mail enviado con éxito!
[2026-04-01 15:00:35] Enviando mail a: fjandreoli@gmail.com;miramonroxana@gmail.com | Asunto: Propuesta de Pago Vencida (#2334)
[2026-04-01 15:00:39] Mail enviado con éxito!
[2026-04-01 15:00:39] Enviando mail a: fjandreoli@gmail.com;miramonroxana@gmail.com | Asunto: Propuesta de Pago Vencida (#2333)
[2026-04-01 15:00:43] Mail enviado con éxito!
[2026-04-01 15:00:44] Enviando mail a: fjandreoli@gmail.com;miramonroxana@gmail.com | Asunto: Propuesta de Pago Vencida (#2332)
[2026-04-01 15:00:49] Mail enviado con éxito!
[2026-04-01 15:00:49] Enviando mail a: fjandreoli@gmail.com;miramonroxana@gmail.com | Asunto: Propuesta de Pago Vencida (#2331)
[2026-04-01 15:00:53] Mail enviado con éxito!
[2026-04-01 15:41:28] Enviando mail a: valloneflorencia@gmail.com | Asunto: Nueva Propuesta de Pago Recibida (ID: #2385)
[2026-04-01 15:41:32] Mail enviado con éxito!
[2026-04-01 15:45:06] Enviando mail a: mariela.gueler@xl.com.ar | Asunto: Acción de Cliente en Portal: Propuesta #2385
[2026-04-01 15:45:10] Mail enviado con éxito!
[2026-04-01 15:47:21] Preparando mail para Admin para propuesta #2385
[2026-04-01 15:47:21] Enviando mail a: mariela.gueler@xl.com.ar | Asunto: Nueva Documentación Adjunta: Propuesta #2385
[2026-04-01 15:47:25] Mail enviado con éxito!
[2026-04-01 15:47:28] Preparando mail para Admin para propuesta #2385
[2026-04-01 15:47:29] Enviando mail a: mariela.gueler@xl.com.ar | Asunto: Nueva Documentación Adjunta: Propuesta #2385
[2026-04-01 15:47:32] Mail enviado con éxito!
[2026-04-01 15:53:51] Enviando mail a: martinxl@speedy.com.ar | Asunto: Contrapropuesta Aceptada (ID: #2356)
[2026-04-01 15:53:54] Mail enviado con éxito!
[2026-04-01 15:54:27] Enviando mail a: toribioserrano@hotmail.com;mcbarbaranfarre@gmail.com;supervisionxlsalta@hotmail.com | Asunto: Contrapropuesta Aceptada (ID: #2328)
[2026-04-01 15:54:31] Mail enviado con éxito!
[2026-04-01 15:55:35] Enviando mail a: toribioserrano@hotmail.com;mcbarbaranfarre@gmail.com;supervisionxlsalta@hotmail.com | Asunto: Contrapropuesta Aceptada (ID: #2326)
[2026-04-01 15:55:38] Mail enviado con éxito!
[2026-04-01 15:56:29] Enviando mail a: alemierze1965@gmail.com | Asunto: Contrapropuesta Aceptada (ID: #2364)
[2026-04-01 15:56:33] Mail enviado con éxito!
[2026-04-01 15:57:34] Enviando mail a: toribioserrano@hotmail.com;mcbarbaranfarre@gmail.com;supervisionxlsalta@hotmail.com | Asunto: Contrapropuesta Aceptada (ID: #2329)
[2026-04-01 15:57:38] Mail enviado con éxito!
[2026-04-01 15:58:43] Enviando mail a: toribioserrano@hotmail.com;mcbarbaranfarre@gmail.com;supervisionxlsalta@hotmail.com | Asunto: Contrapropuesta Aceptada (ID: #2327)
[2026-04-01 15:58:47] Mail enviado con éxito!
[2026-04-01 15:59:30] Enviando mail a: toribioserrano@hotmail.com;mcbarbaranfarre@gmail.com;supervisionxlsalta@hotmail.com | Asunto: Contrapropuesta Aceptada (ID: #2325)
[2026-04-01 15:59:34] Mail enviado con éxito!
[2026-04-01 16:00:53] Enviando mail a: aerosol73@gmail.com | Asunto: Contrapropuesta Aceptada (ID: #1322)
[2026-04-01 16:00:57] Mail enviado con éxito!
[2026-04-01 16:20:53] Preparando mail para Admin para propuesta #1322
[2026-04-01 16:20:53] Enviando mail a: mariela.gueler@xl.com.ar | Asunto: Nueva Documentación Adjunta: Propuesta #1322
[2026-04-01 16:20:56] Mail enviado con éxito!
[2026-04-01 16:21:10] Preparando mail para Admin para propuesta #1322
[2026-04-01 16:21:10] Enviando mail a: mariela.gueler@xl.com.ar | Asunto: Nueva Documentación Adjunta: Propuesta #1322
[2026-04-01 16:21:14] Mail enviado con éxito!
[2026-04-01 16:21:22] Preparando mail para Admin para propuesta #1322
[2026-04-01 16:21:22] Enviando mail a: mariela.gueler@xl.com.ar | Asunto: Nueva Documentación Adjunta: Propuesta #1322
[2026-04-01 16:21:26] Mail enviado con éxito!
[2026-04-01 16:36:22] Preparando mail para Admin para propuesta #2357
[2026-04-01 16:36:22] Enviando mail a: mariela.gueler@xl.com.ar | Asunto: Nueva Documentación Adjunta: Propuesta #2357
[2026-04-01 16:36:26] Mail enviado con éxito!
[2026-04-01 16:36:33] Preparando mail para Admin para propuesta #2357
[2026-04-01 16:36:33] Enviando mail a: mariela.gueler@xl.com.ar | Asunto: Nueva Documentación Adjunta: Propuesta #2357
[2026-04-01 16:36:36] Mail enviado con éxito!
[2026-04-01 16:41:13] Preparando mail para Admin para propuesta #2357
[2026-04-01 16:41:13] Enviando mail a: mariela.gueler@xl.com.ar | Asunto: Nueva Documentación Adjunta: Propuesta #2357
[2026-04-01 16:41:16] Mail enviado con éxito!
[2026-04-01 16:56:49] Enviando mail a: mariela.gueler@xl.com.ar | Asunto: Acción de Cliente en Portal: Propuesta #2353
[2026-04-01 16:56:53] Mail enviado con éxito!
[2026-04-01 17:20:41] Enviando mail a: mariela.gueler@xl.com.ar | Asunto: Acción de Cliente en Portal: Propuesta #2354
[2026-04-01 17:20:45] Mail enviado con éxito!
[2026-04-01 17:21:17] Enviando mail a: mariela.gueler@xl.com.ar | Asunto: Acción de Cliente en Portal: Propuesta #2355
[2026-04-01 17:21:21] Mail enviado con éxito!
[2026-04-01 17:21:54] Enviando mail a: mariela.gueler@xl.com.ar | Asunto: Acción de Cliente en Portal: Propuesta #2352
[2026-04-01 17:21:57] Mail enviado con éxito!
[2026-04-01 17:51:35] Preparando mail para Admin para propuesta #2353
[2026-04-01 17:51:35] Enviando mail a: mariela.gueler@xl.com.ar | Asunto: Nueva Documentación Adjunta: Propuesta #2353
[2026-04-01 17:51:38] Mail enviado con éxito!
[2026-04-01 17:51:46] Preparando mail para Admin para propuesta #2353
[2026-04-01 17:51:46] Enviando mail a: mariela.gueler@xl.com.ar | Asunto: Nueva Documentación Adjunta: Propuesta #2353
[2026-04-01 17:51:49] Mail enviado con éxito!
[2026-04-01 17:51:56] Preparando mail para Admin para propuesta #2353
[2026-04-01 17:51:56] Enviando mail a: mariela.gueler@xl.com.ar | Asunto: Nueva Documentación Adjunta: Propuesta #2353
[2026-04-01 17:51:59] Mail enviado con éxito!
[2026-04-01 18:05:35] Enviando mail a: solekeil@hotmail.com;valesherrera@hotmail.com;nazamajo@gmail.com | Asunto: Contrapropuesta Aceptada (ID: #2355)
[2026-04-01 18:05:39] Mail enviado con éxito!
[2026-04-01 19:37:44] Preparando mail para Admin para propuesta #2364
[2026-04-01 19:37:44] Enviando mail a: mariela.gueler@xl.com.ar | Asunto: Nueva Documentación Adjunta: Propuesta #2364
[2026-04-01 19:37:48] Mail enviado con éxito!
[2026-04-01 19:38:01] Preparando mail para Admin para propuesta #2364
[2026-04-01 19:38:01] Enviando mail a: mariela.gueler@xl.com.ar | Asunto: Nueva Documentación Adjunta: Propuesta #2364
[2026-04-01 19:38:05] Mail enviado con éxito!
[2026-04-01 19:38:16] Preparando mail para Admin para propuesta #2364
[2026-04-01 19:38:16] Enviando mail a: mariela.gueler@xl.com.ar | Asunto: Nueva Documentación Adjunta: Propuesta #2364
[2026-04-01 19:38:20] Mail enviado con éxito!
[2026-04-01 22:13:06] Enviando mail a: mariela.gueler@xl.com.ar | Asunto: Acción de Cliente en Portal: Propuesta #2379
[2026-04-01 22:13:10] Mail enviado con éxito!
[2026-04-01 22:14:59] Preparando mail para Admin para propuesta #2379
[2026-04-01 22:14:59] Enviando mail a: mariela.gueler@xl.com.ar | Asunto: Nueva Documentación Adjunta: Propuesta #2379
[2026-04-01 22:15:03] Mail enviado con éxito!
[2026-04-01 22:16:32] Enviando mail a: mariela.gueler@xl.com.ar | Asunto: Acción de Cliente en Portal: Propuesta #2378
[2026-04-01 22:16:36] Mail enviado con éxito!
[2026-04-01 22:19:33] Preparando mail para Admin para propuesta #2378
[2026-04-01 22:19:33] Enviando mail a: mariela.gueler@xl.com.ar | Asunto: Nueva Documentación Adjunta: Propuesta #2378
[2026-04-01 22:19:37] Mail enviado con éxito!
[2026-04-01 22:19:46] Preparando mail para Admin para propuesta #2378
[2026-04-01 22:19:46] Enviando mail a: mariela.gueler@xl.com.ar | Asunto: Nueva Documentación Adjunta: Propuesta #2378
[2026-04-01 22:19:50] Mail enviado con éxito!
[2026-04-01 22:22:29] Enviando mail a: mariela.gueler@xl.com.ar | Asunto: Acción de Cliente en Portal: Propuesta #2380
[2026-04-01 22:22:32] Mail enviado con éxito!
[2026-04-01 22:22:43] Preparando mail para Admin para propuesta #2380
[2026-04-01 22:22:43] Enviando mail a: mariela.gueler@xl.com.ar | Asunto: Nueva Documentación Adjunta: Propuesta #2380
[2026-04-01 22:22:47] Mail enviado con éxito!
[2026-04-01 22:22:58] Enviando mail a: mariela.gueler@xl.com.ar | Asunto: Acción de Cliente en Portal: Propuesta #2381
[2026-04-01 22:23:02] Mail enviado con éxito!
[2026-04-01 22:27:28] Preparando mail para Admin para propuesta #2381
[2026-04-01 22:27:28] Enviando mail a: mariela.gueler@xl.com.ar | Asunto: Nueva Documentación Adjunta: Propuesta #2381
[2026-04-01 22:27:32] Mail enviado con éxito!
[2026-04-01 22:27:35] Preparando mail para Admin para propuesta #2381
[2026-04-01 22:27:35] Enviando mail a: mariela.gueler@xl.com.ar | Asunto: Nueva Documentación Adjunta: Propuesta #2381
[2026-04-01 22:27:39] Mail enviado con éxito!
[2026-04-02 14:26:03] Preparando mail para Admin para propuesta #2355
[2026-04-02 14:26:03] Enviando mail a: mariela.gueler@xl.com.ar | Asunto: Nueva Documentación Adjunta: Propuesta #2355
[2026-04-02 14:26:07] Mail enviado con éxito!
[2026-04-02 14:26:17] Preparando mail para Admin para propuesta #2355
[2026-04-02 14:26:17] Enviando mail a: mariela.gueler@xl.com.ar | Asunto: Nueva Documentación Adjunta: Propuesta #2355
[2026-04-02 14:26:21] Mail enviado con éxito!
[2026-04-02 14:26:27] Preparando mail para Admin para propuesta #2355
[2026-04-02 14:26:27] Enviando mail a: mariela.gueler@xl.com.ar | Asunto: Nueva Documentación Adjunta: Propuesta #2355
[2026-04-02 14:26:30] Mail enviado con éxito!
[2026-04-02 15:41:57] Enviando mail a: mariela.gueler@xl.com.ar | Asunto: Acción de Cliente en Portal: Propuesta #2383
[2026-04-02 15:42:01] Mail enviado con éxito!
[2026-04-02 15:45:25] Preparando mail para Admin para propuesta #2383
[2026-04-02 15:45:25] Enviando mail a: mariela.gueler@xl.com.ar | Asunto: Nueva Documentación Adjunta: Propuesta #2383
[2026-04-02 15:45:29] Mail enviado con éxito!
[2026-04-04 20:01:49] Preparando mail para Admin para propuesta #2356
[2026-04-04 20:01:49] Enviando mail a: mariela.gueler@xl.com.ar | Asunto: Nueva Documentación Adjunta: Propuesta #2356
[2026-04-04 20:01:53] Mail enviado con éxito!
[2026-04-04 20:02:14] Preparando mail para Admin para propuesta #2356
[2026-04-04 20:02:14] Enviando mail a: mariela.gueler@xl.com.ar | Asunto: Nueva Documentación Adjunta: Propuesta #2356
[2026-04-04 20:02:17] Mail enviado con éxito!
[2026-04-06 14:47:41] Enviando mail a: mariela.gueler@xl.com.ar | Asunto: Acción de Cliente en Portal: Propuesta #2370
[2026-04-06 14:47:44] Mail enviado con éxito!
[2026-04-06 15:02:14] Enviando mail a: mariela.gueler@xl.com.ar | Asunto: Acción de Cliente en Portal: Propuesta #2368
[2026-04-06 15:02:19] Mail enviado con éxito!
[2026-04-06 15:03:28] Enviando mail a: mariela.gueler@xl.com.ar | Asunto: Acción de Cliente en Portal: Propuesta #2365
[2026-04-06 15:03:32] Mail enviado con éxito!
[2026-04-06 15:33:44] Enviando mail a: Ajfripoll@gmail.com;yamilaruiz.extralarge@gmail.com | Asunto: Nueva Propuesta de Pago Recibida (ID: #2386)
[2026-04-06 15:33:48] Mail enviado con éxito!
[2026-04-06 15:35:10] Enviando mail a: Ajfripoll@gmail.com;yamilaruiz.extralarge@gmail.com | Asunto: Nueva Propuesta de Pago Recibida (ID: #2387)
[2026-04-06 15:35:14] Mail enviado con éxito!
[2026-04-06 15:46:21] Enviando mail a: Ajfripoll@gmail.com;yamilaruiz.extralarge@gmail.com | Asunto: Nueva Propuesta de Pago Recibida (ID: #2388)
[2026-04-06 15:46:24] Mail enviado con éxito!
[2026-04-06 15:47:03] Enviando mail a: Ajfripoll@gmail.com;yamilaruiz.extralarge@gmail.com | Asunto: Nueva Propuesta de Pago Recibida (ID: #2389)
[2026-04-06 15:47:06] Mail enviado con éxito!
[2026-04-06 15:53:06] Enviando mail a: eugezurvera@gmail.com | Asunto: Nueva Propuesta de Pago Recibida (ID: #2390)
[2026-04-06 15:53:10] Mail enviado con éxito!
[2026-04-06 16:09:29] Enviando mail a: Ajfripoll@gmail.com;yamilaruiz.extralarge@gmail.com | Asunto: Nueva Propuesta de Pago Recibida (ID: #2391)
[2026-04-06 16:09:33] Mail enviado con éxito!
[2026-04-06 16:10:08] Enviando mail a: Ajfripoll@gmail.com;yamilaruiz.extralarge@gmail.com | Asunto: Nueva Propuesta de Pago Recibida (ID: #2392)
[2026-04-06 16:10:12] Mail enviado con éxito!
[2026-04-06 16:15:52] Enviando mail a: Ajfripoll@gmail.com;yamilaruiz.extralarge@gmail.com | Asunto: Nueva Propuesta de Pago Recibida (ID: #2393)
[2026-04-06 16:15:56] Mail enviado con éxito!
[2026-04-06 16:16:11] Enviando mail a: mariela.gueler@xl.com.ar | Asunto: Acción de Cliente en Portal: Propuesta #2390
[2026-04-06 16:16:15] Mail enviado con éxito!
[2026-04-06 16:16:23] Enviando mail a: Ajfripoll@gmail.com;yamilaruiz.extralarge@gmail.com | Asunto: Nueva Propuesta de Pago Recibida (ID: #2394)
[2026-04-06 16:16:27] Mail enviado con éxito!
[2026-04-06 16:20:39] Enviando mail a: solekeil@hotmail.com;valesherrera@hotmail.com;nazamajo@gmail.com | Asunto: Nueva Propuesta de Pago Recibida (ID: #2395)
[2026-04-06 16:20:42] Mail enviado con éxito!
[2026-04-06 16:29:46] Preparando mail para Admin para propuesta #1320
[2026-04-06 16:29:46] Enviando mail a: mariela.gueler@xl.com.ar | Asunto: Nueva Documentación Adjunta: Propuesta #1320
[2026-04-06 16:29:49] Mail enviado con éxito!
[2026-04-06 16:30:05] Enviando mail a: Ajfripoll@gmail.com;yamilaruiz.extralarge@gmail.com | Asunto: Nueva Propuesta de Pago Recibida (ID: #2396)
[2026-04-06 16:30:09] Mail enviado con éxito!
[2026-04-06 16:30:36] Preparando mail para Admin para propuesta #1320
[2026-04-06 16:30:36] Enviando mail a: mariela.gueler@xl.com.ar | Asunto: Nueva Documentación Adjunta: Propuesta #1320
[2026-04-06 16:30:40] Mail enviado con éxito!
[2026-04-06 16:30:54] Enviando mail a: Ajfripoll@gmail.com;yamilaruiz.extralarge@gmail.com | Asunto: Nueva Propuesta de Pago Recibida (ID: #2397)
[2026-04-06 16:30:57] Mail enviado con éxito!
[2026-04-06 16:34:48] Enviando mail a: mariela.gueler@xl.com.ar | Asunto: Acción de Cliente en Portal: Propuesta #2395
[2026-04-06 16:34:51] Mail enviado con éxito!
[2026-04-06 16:36:04] Preparando mail para Admin para propuesta #1320
[2026-04-06 16:36:04] Enviando mail a: mariela.gueler@xl.com.ar | Asunto: Nueva Documentación Adjunta: Propuesta #1320
[2026-04-06 16:36:07] Mail enviado con éxito!
[2026-04-06 16:36:50] Preparando mail para Admin para propuesta #1320
[2026-04-06 16:36:50] Enviando mail a: mariela.gueler@xl.com.ar | Asunto: Nueva Documentación Adjunta: Propuesta #1320
[2026-04-06 16:36:54] Mail enviado con éxito!
[2026-04-06 16:39:26] Enviando mail a: Ajfripoll@gmail.com;yamilaruiz.extralarge@gmail.com | Asunto: Nueva Propuesta de Pago Recibida (ID: #2400)
[2026-04-06 16:39:29] Mail enviado con éxito!
[2026-04-06 16:40:02] Enviando mail a: Ajfripoll@gmail.com;yamilaruiz.extralarge@gmail.com | Asunto: Nueva Propuesta de Pago Recibida (ID: #2401)
[2026-04-06 16:40:05] Mail enviado con éxito!
[2026-04-06 17:24:12] Enviando mail a: solekeil@hotmail.com;valesherrera@hotmail.com;nazamajo@gmail.com | Asunto: Contrapropuesta Aceptada (ID: #2354)
[2026-04-06 17:24:16] Mail enviado con éxito!
[2026-04-06 17:28:09] Enviando mail a: solekeil@hotmail.com;valesherrera@hotmail.com;nazamajo@gmail.com | Asunto: Contrapropuesta Aceptada (ID: #2352)
[2026-04-06 17:28:13] Mail enviado con éxito!
[2026-04-06 17:30:52] Enviando mail a: loli.manasanch@hotmail.com | Asunto: Contrapropuesta Aceptada (ID: #2365)
[2026-04-06 17:30:56] Mail enviado con éxito!
[2026-04-06 17:32:25] Enviando mail a: loli.manasanch@hotmail.com | Asunto: Contrapropuesta Aceptada (ID: #2368)
[2026-04-06 17:32:28] Mail enviado con éxito!
[2026-04-06 17:33:26] Enviando mail a: eugezurvera@gmail.com | Asunto: Contrapropuesta Aceptada (ID: #2390)
[2026-04-06 17:33:30] Mail enviado con éxito!
[2026-04-06 17:55:53] Preparando mail para Admin para propuesta #1318
[2026-04-06 17:55:53] Enviando mail a: mariela.gueler@xl.com.ar | Asunto: Nueva Documentación Adjunta: Propuesta #1318
[2026-04-06 17:55:56] Mail enviado con éxito!
[2026-04-06 19:33:57] Enviando mail a: toribioserrano@hotmail.com;mcbarbaranfarre@gmail.com;supervisionxlsalta@hotmail.com | Asunto: Nueva Propuesta de Pago Recibida (ID: #2402)
[2026-04-06 19:34:01] Mail enviado con éxito!
[2026-04-06 19:35:44] Enviando mail a: toribioserrano@hotmail.com;mcbarbaranfarre@gmail.com;supervisionxlsalta@hotmail.com | Asunto: Nueva Propuesta de Pago Recibida (ID: #2403)
[2026-04-06 19:35:47] Mail enviado con éxito!
[2026-04-06 19:36:50] Enviando mail a: toribioserrano@hotmail.com;mcbarbaranfarre@gmail.com;supervisionxlsalta@hotmail.com | Asunto: Nueva Propuesta de Pago Recibida (ID: #2404)
[2026-04-06 19:36:53] Mail enviado con éxito!
[2026-04-06 20:30:53] Enviando mail a: fjandreoli@gmail.com;miramonroxana@gmail.com | Asunto: Nueva Propuesta de Pago Recibida (ID: #2405)
[2026-04-06 20:30:57] Mail enviado con éxito!
[2026-04-06 23:14:54] Enviando mail a: mariela.gueler@xl.com.ar | Asunto: Acción de Cliente en Portal: Propuesta #2402
[2026-04-06 23:14:58] Mail enviado con éxito!
[2026-04-06 23:15:47] Enviando mail a: mariela.gueler@xl.com.ar | Asunto: Acción de Cliente en Portal: Propuesta #2404
[2026-04-06 23:15:51] Mail enviado con éxito!
[2026-04-06 23:16:05] Enviando mail a: mariela.gueler@xl.com.ar | Asunto: Acción de Cliente en Portal: Propuesta #2403
[2026-04-06 23:16:09] Mail enviado con éxito!
[2026-04-07 00:28:07] Preparando mail para Admin para propuesta #2368
[2026-04-07 00:28:07] Enviando mail a: mariela.gueler@xl.com.ar | Asunto: Nueva Documentación Adjunta: Propuesta #2368
[2026-04-07 00:28:11] Mail enviado con éxito!
[2026-04-07 00:34:29] Preparando mail para Admin para propuesta #2365
[2026-04-07 00:34:29] Enviando mail a: mariela.gueler@xl.com.ar | Asunto: Nueva Documentación Adjunta: Propuesta #2365
[2026-04-07 00:34:33] Mail enviado con éxito!
[2026-04-07 00:34:41] Preparando mail para Admin para propuesta #2365
[2026-04-07 00:34:42] Enviando mail a: mariela.gueler@xl.com.ar | Asunto: Nueva Documentación Adjunta: Propuesta #2365
[2026-04-07 00:34:45] Mail enviado con éxito!
[2026-04-07 03:34:21] Preparando mail para Admin para propuesta #2395
[2026-04-07 03:34:21] Enviando mail a: mariela.gueler@xl.com.ar | Asunto: Nueva Documentación Adjunta: Propuesta #2395
[2026-04-07 03:34:24] Mail enviado con éxito!
[2026-04-07 03:34:35] Preparando mail para Admin para propuesta #2395
[2026-04-07 03:34:35] Enviando mail a: mariela.gueler@xl.com.ar | Asunto: Nueva Documentación Adjunta: Propuesta #2395
[2026-04-07 03:34:40] Mail enviado con éxito!
[2026-04-07 03:34:44] Preparando mail para Admin para propuesta #2395
[2026-04-07 03:34:44] Enviando mail a: mariela.gueler@xl.com.ar | Asunto: Nueva Documentación Adjunta: Propuesta #2395
[2026-04-07 03:34:48] Mail enviado con éxito!
[2026-04-07 03:34:53] Preparando mail para Admin para propuesta #2395
[2026-04-07 03:34:53] Enviando mail a: mariela.gueler@xl.com.ar | Asunto: Nueva Documentación Adjunta: Propuesta #2395
[2026-04-07 03:34:57] Mail enviado con éxito!
[2026-04-07 03:35:09] Preparando mail para Admin para propuesta #2395
[2026-04-07 03:35:09] Enviando mail a: mariela.gueler@xl.com.ar | Asunto: Nueva Documentación Adjunta: Propuesta #2395
[2026-04-07 03:35:13] Mail enviado con éxito!
[2026-04-07 14:25:35] Preparando mail para Admin para propuesta #2354
[2026-04-07 14:25:35] Enviando mail a: mariela.gueler@xl.com.ar | Asunto: Nueva Documentación Adjunta: Propuesta #2354
[2026-04-07 14:25:38] Mail enviado con éxito!
[2026-04-07 14:26:03] Preparando mail para Admin para propuesta #2354
[2026-04-07 14:26:04] Enviando mail a: mariela.gueler@xl.com.ar | Asunto: Nueva Documentación Adjunta: Propuesta #2354
[2026-04-07 14:26:07] Mail enviado con éxito!
[2026-04-07 14:26:12] Preparando mail para Admin para propuesta #2354
[2026-04-07 14:26:12] Enviando mail a: mariela.gueler@xl.com.ar | Asunto: Nueva Documentación Adjunta: Propuesta #2354
[2026-04-07 14:26:16] Mail enviado con éxito!
[2026-04-07 14:26:44] Preparando mail para Admin para propuesta #2352
[2026-04-07 14:26:45] Enviando mail a: mariela.gueler@xl.com.ar | Asunto: Nueva Documentación Adjunta: Propuesta #2352
[2026-04-07 14:26:48] Mail enviado con éxito!
[2026-04-07 14:26:56] Preparando mail para Admin para propuesta #2352
[2026-04-07 14:26:56] Enviando mail a: mariela.gueler@xl.com.ar | Asunto: Nueva Documentación Adjunta: Propuesta #2352
[2026-04-07 14:27:00] Mail enviado con éxito!
[2026-04-07 14:27:09] Preparando mail para Admin para propuesta #2352
[2026-04-07 14:27:09] Enviando mail a: mariela.gueler@xl.com.ar | Asunto: Nueva Documentación Adjunta: Propuesta #2352
[2026-04-07 14:27:13] Mail enviado con éxito!
[2026-04-07 16:11:23] Enviando mail a: carlos.dominguez06@gmail.com | Asunto: Nueva Propuesta de Pago Recibida (ID: #2406)
[2026-04-07 16:11:27] Mail enviado con éxito!
[2026-04-07 16:11:35] Enviando mail a: juliocinalli@gmail.com | Asunto: Propuesta de Pago Vencida (#2366)
[2026-04-07 16:11:38] Mail enviado con éxito!
[2026-04-07 16:12:16] Enviando mail a: carlos.dominguez06@gmail.com | Asunto: Nueva Propuesta de Pago Recibida (ID: #2407)
[2026-04-07 16:12:19] Mail enviado con éxito!
[2026-04-07 16:17:04] Enviando mail a: juliocinalli@gmail.com | Asunto: Nueva Propuesta de Pago Recibida (ID: #2408)
[2026-04-07 16:17:08] Mail enviado con éxito!
[2026-04-07 16:31:56] Preparando mail para Admin para propuesta #2390
[2026-04-07 16:31:56] Enviando mail a: mariela.gueler@xl.com.ar | Asunto: Nueva Documentación Adjunta: Propuesta #2390
[2026-04-07 16:32:00] Mail enviado con éxito!
[2026-04-07 16:33:50] Preparando mail para Admin para propuesta #2390
[2026-04-07 16:33:50] Enviando mail a: mariela.gueler@xl.com.ar | Asunto: Nueva Documentación Adjunta: Propuesta #2390
[2026-04-07 16:33:54] Mail enviado con éxito!
[2026-04-07 16:35:42] Preparando mail para Admin para propuesta #2390
[2026-04-07 16:35:43] Enviando mail a: mariela.gueler@xl.com.ar | Asunto: Nueva Documentación Adjunta: Propuesta #2390
[2026-04-07 16:35:47] Mail enviado con éxito!
[2026-04-07 16:56:13] Enviando mail a: joribeas@hotmail.com | Asunto: Nueva Propuesta de Pago Recibida (ID: #2409)
[2026-04-07 16:56:18] Mail enviado con éxito!
[2026-04-07 17:01:24] Enviando mail a: joribeas@hotmail.com | Asunto: Nueva Propuesta de Pago Recibida (ID: #2410)
[2026-04-07 17:01:27] Mail enviado con éxito!
[2026-04-07 17:05:52] Enviando mail a: baru.ciudadjardin@hotmail.com | Asunto: Nueva Propuesta de Pago Recibida (ID: #2411)
[2026-04-07 17:05:57] Mail enviado con éxito!
[2026-04-07 17:14:00] Enviando mail a: xllomas@hotmail.com;fabilanati@gmail.com | Asunto: Nueva Propuesta de Pago Recibida (ID: #2412)
[2026-04-07 17:14:04] Mail enviado con éxito!
[2026-04-07 17:39:54] Enviando mail a: Fernandolaje@yahoo.com.ar | Asunto: Nueva Propuesta de Pago Recibida (ID: #2413)
[2026-04-07 17:39:57] Mail enviado con éxito!
[2026-04-07 19:42:13] Enviando mail a: roxananadales@hotmail.com | Asunto: Nueva Propuesta de Pago Recibida (ID: #2414)
[2026-04-07 19:42:17] Mail enviado con éxito!
[2026-04-07 19:44:39] Enviando mail a: Jcirnigliaro@ottogarde.com.ar,mcastellini@ottogarde.com.ar | Asunto: Nueva Propuesta de Pago Recibida (ID: #2415)
[2026-04-07 20:33:41] Enviando mail a: fjandreoli@gmail.com;miramonroxana@gmail.com | Asunto: Nueva Propuesta de Pago Recibida (ID: #2416)
[2026-04-07 20:33:45] Mail enviado con éxito!
[2026-04-07 20:34:40] Enviando mail a: fjandreoli@gmail.com;miramonroxana@gmail.com | Asunto: Nueva Propuesta de Pago Recibida (ID: #2417)
[2026-04-07 20:34:44] Mail enviado con éxito!
[2026-04-07 20:37:16] Enviando mail a: fjandreoli@gmail.com;miramonroxana@gmail.com | Asunto: Nueva Propuesta de Pago Recibida (ID: #2418)
[2026-04-07 20:37:20] Mail enviado con éxito!
[2026-04-07 20:38:10] Enviando mail a: fjandreoli@gmail.com;miramonroxana@gmail.com | Asunto: Nueva Propuesta de Pago Recibida (ID: #2419)
[2026-04-07 20:38:13] Mail enviado con éxito!
[2026-04-07 20:39:27] Enviando mail a: fjandreoli@gmail.com;miramonroxana@gmail.com | Asunto: Nueva Propuesta de Pago Recibida (ID: #2420)
[2026-04-07 20:39:32] Mail enviado con éxito!
[2026-04-07 20:41:03] Enviando mail a: fjandreoli@gmail.com;miramonroxana@gmail.com | Asunto: Nueva Propuesta de Pago Recibida (ID: #2421)
[2026-04-07 20:41:07] Mail enviado con éxito!
[2026-04-07 20:42:53] Enviando mail a: fjandreoli@gmail.com;miramonroxana@gmail.com | Asunto: Nueva Propuesta de Pago Recibida (ID: #2422)
[2026-04-07 20:42:57] Mail enviado con éxito!
[2026-04-07 21:54:47] Enviando mail a: mariela.gueler@xl.com.ar | Asunto: Acción de Cliente en Portal: Propuesta #2420
[2026-04-07 21:54:51] Mail enviado con éxito!
[2026-04-07 21:55:24] Enviando mail a: mariela.gueler@xl.com.ar | Asunto: Acción de Cliente en Portal: Propuesta #2422
[2026-04-07 21:55:27] Mail enviado con éxito!
[2026-04-07 21:55:36] Enviando mail a: mariela.gueler@xl.com.ar | Asunto: Acción de Cliente en Portal: Propuesta #2421
[2026-04-07 21:55:40] Mail enviado con éxito!
[2026-04-07 21:56:37] Enviando mail a: mariela.gueler@xl.com.ar | Asunto: Acción de Cliente en Portal: Propuesta #2419
[2026-04-07 21:56:41] Mail enviado con éxito!
[2026-04-07 21:57:26] Enviando mail a: mariela.gueler@xl.com.ar | Asunto: Acción de Cliente en Portal: Propuesta #2418
[2026-04-07 21:57:30] Mail enviado con éxito!
[2026-04-07 21:57:50] Enviando mail a: mariela.gueler@xl.com.ar | Asunto: Acción de Cliente en Portal: Propuesta #2417
[2026-04-07 21:57:54] Mail enviado con éxito!
[2026-04-07 21:58:04] Enviando mail a: mariela.gueler@xl.com.ar | Asunto: Acción de Cliente en Portal: Propuesta #2416
[2026-04-07 21:58:09] Mail enviado con éxito!
[2026-04-07 22:57:26] Preparando mail para Admin para propuesta #2404
[2026-04-07 22:57:26] Enviando mail a: mariela.gueler@xl.com.ar | Asunto: Nueva Documentación Adjunta: Propuesta #2404
[2026-04-07 22:57:30] Mail enviado con éxito!
[2026-04-07 22:57:43] Preparando mail para Admin para propuesta #2404
[2026-04-07 22:57:43] Enviando mail a: mariela.gueler@xl.com.ar | Asunto: Nueva Documentación Adjunta: Propuesta #2404
[2026-04-07 22:57:47] Mail enviado con éxito!
[2026-04-07 22:58:16] Preparando mail para Admin para propuesta #2403
[2026-04-07 22:58:16] Enviando mail a: mariela.gueler@xl.com.ar | Asunto: Nueva Documentación Adjunta: Propuesta #2403
[2026-04-07 22:58:20] Mail enviado con éxito!
[2026-04-07 22:58:28] Preparando mail para Admin para propuesta #2403
[2026-04-07 22:58:28] Enviando mail a: mariela.gueler@xl.com.ar | Asunto: Nueva Documentación Adjunta: Propuesta #2403
[2026-04-07 22:58:32] Mail enviado con éxito!
[2026-04-07 22:58:48] Preparando mail para Admin para propuesta #2403
[2026-04-07 22:58:48] Enviando mail a: mariela.gueler@xl.com.ar | Asunto: Nueva Documentación Adjunta: Propuesta #2403
[2026-04-07 22:58:52] Mail enviado con éxito!
[2026-04-07 22:59:01] Preparando mail para Admin para propuesta #2402
[2026-04-07 22:59:01] Enviando mail a: mariela.gueler@xl.com.ar | Asunto: Nueva Documentación Adjunta: Propuesta #2402
[2026-04-07 22:59:05] Mail enviado con éxito!
[2026-04-08 12:23:22] Enviando mail a: huifersrl@gmail.com | Asunto: Propuesta de Pago Vencida (#2376)
[2026-04-08 12:23:26] Mail enviado con éxito!
[2026-04-08 12:23:32] Enviando mail a: huifersrl@gmail.com | Asunto: Propuesta de Pago Vencida (#2375)
[2026-04-08 12:23:37] Mail enviado con éxito!
[2026-04-08 12:23:37] Enviando mail a: normaseoane@gmail.com | Asunto: Propuesta de Pago Vencida (#2374)
[2026-04-08 12:23:41] Mail enviado con éxito!
[2026-04-08 12:23:42] Enviando mail a: normaseoane@gmail.com | Asunto: Propuesta de Pago Vencida (#2373)
[2026-04-08 12:23:45] Mail enviado con éxito!
[2026-04-08 12:23:46] Enviando mail a: sveritier@gmail.com | Asunto: Propuesta de Pago Vencida (#2367)
[2026-04-08 12:23:50] Mail enviado con éxito!
[2026-04-08 12:29:44] Enviando mail a: sveritier@gmail.com | Asunto: Nueva Propuesta de Pago Recibida (ID: #2423)
[2026-04-08 12:29:48] Mail enviado con éxito!
[2026-04-08 14:15:46] Enviando mail a: mariela.gueler@xl.com.ar | Asunto: Acción de Cliente en Portal: Propuesta #2406
[2026-04-08 14:15:50] Mail enviado con éxito!
[2026-04-08 14:15:56] Enviando mail a: mariela.gueler@xl.com.ar | Asunto: Acción de Cliente en Portal: Propuesta #2407
[2026-04-08 14:16:00] Mail enviado con éxito!
[2026-04-08 14:29:01] Preparando mail para Admin para propuesta #2407
[2026-04-08 14:29:01] Enviando mail a: mariela.gueler@xl.com.ar | Asunto: Nueva Documentación Adjunta: Propuesta #2407
[2026-04-08 14:29:06] Mail enviado con éxito!
[2026-04-08 14:29:28] Preparando mail para Admin para propuesta #2406
[2026-04-08 14:29:28] Enviando mail a: mariela.gueler@xl.com.ar | Asunto: Nueva Documentación Adjunta: Propuesta #2406
[2026-04-08 14:29:32] Mail enviado con éxito!
[2026-04-08 14:29:42] Preparando mail para Admin para propuesta #2406
[2026-04-08 14:29:42] Enviando mail a: mariela.gueler@xl.com.ar | Asunto: Nueva Documentación Adjunta: Propuesta #2406
[2026-04-08 14:29:46] Mail enviado con éxito!
[2026-04-08 15:02:47] Enviando mail a: mariela.gueler@xl.com.ar | Asunto: Acción de Cliente en Portal: Propuesta #2423
[2026-04-08 15:02:51] Mail enviado con éxito!
[2026-04-08 15:03:07] Preparando mail para Admin para propuesta #2423
[2026-04-08 15:03:07] Enviando mail a: mariela.gueler@xl.com.ar | Asunto: Nueva Documentación Adjunta: Propuesta #2423
[2026-04-08 15:03:11] Mail enviado con éxito!
[2026-04-08 15:03:18] Preparando mail para Admin para propuesta #2423
[2026-04-08 15:03:18] Enviando mail a: mariela.gueler@xl.com.ar | Asunto: Nueva Documentación Adjunta: Propuesta #2423
[2026-04-08 15:03:22] Mail enviado con éxito!
[2026-04-08 15:51:06] Enviando mail a: mariela.gueler@xl.com.ar | Asunto: Acción de Cliente en Portal: Propuesta #2414
[2026-04-08 15:51:09] Mail enviado con éxito!
[2026-04-08 16:09:04] Preparando mail para Admin para propuesta #2414
[2026-04-08 16:09:04] Enviando mail a: mariela.gueler@xl.com.ar | Asunto: Nueva Documentación Adjunta: Propuesta #2414
[2026-04-08 16:09:08] Mail enviado con éxito!
[2026-04-08 16:10:02] Preparando mail para Admin para propuesta #2414
[2026-04-08 16:10:03] Enviando mail a: mariela.gueler@xl.com.ar | Asunto: Nueva Documentación Adjunta: Propuesta #2414
[2026-04-08 16:10:07] Mail enviado con éxito!
[2026-04-08 16:31:06] Enviando mail a: mariela.gueler@xl.com.ar | Asunto: Acción de Cliente en Portal: Propuesta #2415
[2026-04-08 16:31:11] Mail enviado con éxito!
[2026-04-08 19:13:22] Enviando mail a: huifersrl@gmail.com | Asunto: Nueva Propuesta de Pago Recibida (ID: #2424)
[2026-04-08 19:13:26] Mail enviado con éxito!
[2026-04-08 19:19:08] Enviando mail a: huifersrl@gmail.com | Asunto: Nueva Propuesta de Pago Recibida (ID: #2425)
[2026-04-08 19:19:11] Mail enviado con éxito!
[2026-04-08 19:22:31] Enviando mail a: huifersrl@gmail.com | Asunto: Nueva Propuesta de Pago Recibida (ID: #2426)
[2026-04-08 19:22:36] Mail enviado con éxito!
[2026-04-08 22:57:59] Enviando mail a: mariela.gueler@xl.com.ar | Asunto: Acción de Cliente en Portal: Propuesta #2401
[2026-04-08 22:58:03] Mail enviado con éxito!
[2026-04-08 22:59:21] Enviando mail a: mariela.gueler@xl.com.ar | Asunto: Acción de Cliente en Portal: Propuesta #2400
[2026-04-08 22:59:25] Mail enviado con éxito!
[2026-04-08 23:02:50] Enviando mail a: mariela.gueler@xl.com.ar | Asunto: Acción de Cliente en Portal: Propuesta #2399
[2026-04-08 23:02:54] Mail enviado con éxito!
[2026-04-08 23:03:18] Enviando mail a: mariela.gueler@xl.com.ar | Asunto: Acción de Cliente en Portal: Propuesta #2398
[2026-04-08 23:03:21] Mail enviado con éxito!
[2026-04-08 23:03:48] Enviando mail a: mariela.gueler@xl.com.ar | Asunto: Acción de Cliente en Portal: Propuesta #2397
[2026-04-08 23:03:52] Mail enviado con éxito!
[2026-04-08 23:04:09] Enviando mail a: mariela.gueler@xl.com.ar | Asunto: Acción de Cliente en Portal: Propuesta #2396
[2026-04-08 23:04:13] Mail enviado con éxito!
[2026-04-08 23:04:35] Enviando mail a: mariela.gueler@xl.com.ar | Asunto: Acción de Cliente en Portal: Propuesta #2394
[2026-04-08 23:04:39] Mail enviado con éxito!
[2026-04-08 23:06:16] Enviando mail a: mariela.gueler@xl.com.ar | Asunto: Acción de Cliente en Portal: Propuesta #2393
[2026-04-08 23:06:20] Mail enviado con éxito!
[2026-04-08 23:07:30] Enviando mail a: mariela.gueler@xl.com.ar | Asunto: Acción de Cliente en Portal: Propuesta #2392
[2026-04-08 23:07:33] Mail enviado con éxito!
[2026-04-08 23:08:24] Enviando mail a: mariela.gueler@xl.com.ar | Asunto: Acción de Cliente en Portal: Propuesta #2391
[2026-04-08 23:08:28] Mail enviado con éxito!
[2026-04-08 23:09:51] Enviando mail a: mariela.gueler@xl.com.ar | Asunto: Acción de Cliente en Portal: Propuesta #2389
[2026-04-08 23:09:55] Mail enviado con éxito!
[2026-04-08 23:10:26] Enviando mail a: mariela.gueler@xl.com.ar | Asunto: Acción de Cliente en Portal: Propuesta #2388
[2026-04-08 23:10:30] Mail enviado con éxito!
[2026-04-08 23:10:49] Enviando mail a: mariela.gueler@xl.com.ar | Asunto: Acción de Cliente en Portal: Propuesta #2387
[2026-04-08 23:10:53] Mail enviado con éxito!
[2026-04-08 23:11:40] Enviando mail a: mariela.gueler@xl.com.ar | Asunto: Acción de Cliente en Portal: Propuesta #2386
[2026-04-08 23:11:44] Mail enviado con éxito!
[2026-04-09 13:37:13] Enviando mail a: mariela.gueler@xl.com.ar | Asunto: Acción de Cliente en Portal: Propuesta #2412
[2026-04-09 13:37:17] Mail enviado con éxito!
[2026-04-09 13:49:45] Enviando mail a: xllomas@hotmail.com;fabilanati@gmail.com | Asunto: Contrapropuesta Aceptada (ID: #2412)
[2026-04-09 13:49:48] Mail enviado con éxito!
[2026-04-09 15:59:05] Preparando mail para Admin para propuesta #2412
[2026-04-09 15:59:05] Enviando mail a: mariela.gueler@xl.com.ar | Asunto: Nueva Documentación Adjunta: Propuesta #2412
[2026-04-09 15:59:09] Mail enviado con éxito!
[2026-04-09 16:00:09] Preparando mail para Admin para propuesta #2412
[2026-04-09 16:00:10] Enviando mail a: mariela.gueler@xl.com.ar | Asunto: Nueva Documentación Adjunta: Propuesta #2412
[2026-04-09 16:00:14] Mail enviado con éxito!
[2026-04-09 16:00:45] Preparando mail para Admin para propuesta #2412
[2026-04-09 16:00:45] Enviando mail a: mariela.gueler@xl.com.ar | Asunto: Nueva Documentación Adjunta: Propuesta #2412
[2026-04-09 16:00:49] Mail enviado con éxito!
[2026-04-09 16:01:22] Preparando mail para Admin para propuesta #2412
[2026-04-09 16:01:22] Enviando mail a: mariela.gueler@xl.com.ar | Asunto: Nueva Documentación Adjunta: Propuesta #2412
[2026-04-09 16:01:26] Mail enviado con éxito!
[2026-04-09 16:01:57] Preparando mail para Admin para propuesta #2412
[2026-04-09 16:01:57] Enviando mail a: mariela.gueler@xl.com.ar | Asunto: Nueva Documentación Adjunta: Propuesta #2412
[2026-04-09 16:02:02] Mail enviado con éxito!
[2026-04-09 16:10:04] Enviando mail a: mariela.gueler@xl.com.ar | Asunto: Acción de Cliente en Portal: Propuesta #2411
[2026-04-09 16:10:08] Mail enviado con éxito!
[2026-04-09 17:08:42] Enviando mail a: xlextralarge.pasodelparana@gmail.com | Asunto: Nueva Propuesta de Pago Recibida (ID: #2427)
[2026-04-09 17:08:46] Mail enviado con éxito!
[2026-04-09 17:11:40] Enviando mail a: xlextralarge.pasodelparana@gmail.com | Asunto: Nueva Propuesta de Pago Recibida (ID: #2428)
[2026-04-09 17:11:44] Mail enviado con éxito!
[2026-04-09 17:17:56] Enviando mail a: marcelo.andino@resol.com.ar | Asunto: Nueva Propuesta de Pago Recibida (ID: #2429)
[2026-04-09 17:18:00] Mail enviado con éxito!
[2026-04-09 17:21:32] Enviando mail a: marcelo.andino@resol.com.ar | Asunto: Nueva Propuesta de Pago Recibida (ID: #2430)
[2026-04-09 17:21:36] Mail enviado con éxito!
[2026-04-09 17:47:15] Enviando mail a: mariela.gueler@xl.com.ar | Asunto: Acción de Cliente en Portal: Propuesta #2409
[2026-04-09 17:47:20] Mail enviado con éxito!
[2026-04-09 17:48:03] Enviando mail a: mariela.gueler@xl.com.ar | Asunto: Acción de Cliente en Portal: Propuesta #2410
[2026-04-09 17:48:07] Mail enviado con éxito!
[2026-04-09 18:13:41] Enviando mail a: mariela.gueler@xl.com.ar | Asunto: Acción de Cliente en Portal: Propuesta #2424
[2026-04-09 18:13:45] Mail enviado con éxito!
[2026-04-09 18:15:28] Enviando mail a: mariela.gueler@xl.com.ar | Asunto: Acción de Cliente en Portal: Propuesta #2426
[2026-04-09 18:15:32] Mail enviado con éxito!
[2026-04-09 18:15:47] Enviando mail a: mariela.gueler@xl.com.ar | Asunto: Acción de Cliente en Portal: Propuesta #2425
[2026-04-09 18:15:51] Mail enviado con éxito!
[2026-04-09 18:30:34] Preparando mail para Admin para propuesta #2409
[2026-04-09 18:30:34] Enviando mail a: mariela.gueler@xl.com.ar | Asunto: Nueva Documentación Adjunta: Propuesta #2409
[2026-04-09 18:30:39] Mail enviado con éxito!
[2026-04-09 18:30:49] Preparando mail para Admin para propuesta #2409
[2026-04-09 18:30:49] Enviando mail a: mariela.gueler@xl.com.ar | Asunto: Nueva Documentación Adjunta: Propuesta #2409
[2026-04-09 18:30:53] Mail enviado con éxito!
[2026-04-09 18:31:04] Preparando mail para Admin para propuesta #2409
[2026-04-09 18:31:04] Enviando mail a: mariela.gueler@xl.com.ar | Asunto: Nueva Documentación Adjunta: Propuesta #2409
[2026-04-09 18:31:09] Mail enviado con éxito!
[2026-04-09 18:32:28] Preparando mail para Admin para propuesta #2410
[2026-04-09 18:32:28] Enviando mail a: mariela.gueler@xl.com.ar | Asunto: Nueva Documentación Adjunta: Propuesta #2410
[2026-04-09 18:32:33] Mail enviado con éxito!
[2026-04-09 18:32:41] Preparando mail para Admin para propuesta #2410
[2026-04-09 18:32:41] Enviando mail a: mariela.gueler@xl.com.ar | Asunto: Nueva Documentación Adjunta: Propuesta #2410
[2026-04-09 18:32:45] Mail enviado con éxito!
[2026-04-09 18:32:59] Preparando mail para Admin para propuesta #2410
[2026-04-09 18:32:59] Enviando mail a: mariela.gueler@xl.com.ar | Asunto: Nueva Documentación Adjunta: Propuesta #2410
[2026-04-09 18:33:03] Mail enviado con éxito!
[2026-04-09 18:34:00] Preparando mail para Admin para propuesta #2409
[2026-04-09 18:34:00] Enviando mail a: mariela.gueler@xl.com.ar | Asunto: Nueva Documentación Adjunta: Propuesta #2409
[2026-04-09 18:34:04] Mail enviado con éxito!
[2026-04-09 18:34:16] Preparando mail para Admin para propuesta #2409
[2026-04-09 18:34:16] Enviando mail a: mariela.gueler@xl.com.ar | Asunto: Nueva Documentación Adjunta: Propuesta #2409
[2026-04-09 18:34:21] Mail enviado con éxito!
[2026-04-09 18:34:30] Preparando mail para Admin para propuesta #2409
[2026-04-09 18:34:30] Enviando mail a: mariela.gueler@xl.com.ar | Asunto: Nueva Documentación Adjunta: Propuesta #2409
[2026-04-09 18:34:34] Mail enviado con éxito!
[2026-04-09 18:47:30] Enviando mail a: Ajfripoll@gmail.com;yamilaruiz.extralarge@gmail.com | Asunto: Contrapropuesta Aceptada (ID: #2400)
[2026-04-09 18:47:34] Mail enviado con éxito!
[2026-04-09 18:47:55] Enviando mail a: Ajfripoll@gmail.com;yamilaruiz.extralarge@gmail.com | Asunto: Contrapropuesta Aceptada (ID: #2397)
[2026-04-09 18:47:59] Mail enviado con éxito!
[2026-04-09 18:48:15] Enviando mail a: Ajfripoll@gmail.com;yamilaruiz.extralarge@gmail.com | Asunto: Contrapropuesta Aceptada (ID: #2394)
[2026-04-09 18:48:19] Mail enviado con éxito!
[2026-04-09 18:48:27] Enviando mail a: Ajfripoll@gmail.com;yamilaruiz.extralarge@gmail.com | Asunto: Contrapropuesta Aceptada (ID: #2393)
[2026-04-09 18:48:32] Mail enviado con éxito!
[2026-04-09 18:48:37] Enviando mail a: Ajfripoll@gmail.com;yamilaruiz.extralarge@gmail.com | Asunto: Contrapropuesta Aceptada (ID: #2392)
[2026-04-09 18:48:41] Mail enviado con éxito!
[2026-04-09 18:48:46] Enviando mail a: Ajfripoll@gmail.com;yamilaruiz.extralarge@gmail.com | Asunto: Contrapropuesta Aceptada (ID: #2389)
[2026-04-09 18:48:50] Mail enviado con éxito!
[2026-04-09 18:48:54] Enviando mail a: Ajfripoll@gmail.com;yamilaruiz.extralarge@gmail.com | Asunto: Contrapropuesta Aceptada (ID: #2387)
[2026-04-09 18:48:58] Mail enviado con éxito!
[2026-04-09 18:49:04] Enviando mail a: huifersrl@gmail.com | Asunto: Contrapropuesta Aceptada (ID: #2424)
[2026-04-09 18:49:08] Mail enviado con éxito!
[2026-04-09 18:49:15] Enviando mail a: Ajfripoll@gmail.com;yamilaruiz.extralarge@gmail.com | Asunto: Contrapropuesta Aceptada (ID: #2401)
[2026-04-09 18:49:19] Mail enviado con éxito!
[2026-04-09 18:49:36] Enviando mail a: Ajfripoll@gmail.com;yamilaruiz.extralarge@gmail.com | Asunto: Contrapropuesta Aceptada (ID: #2396)
[2026-04-09 18:49:41] Mail enviado con éxito!
[2026-04-09 18:49:48] Enviando mail a: Ajfripoll@gmail.com;yamilaruiz.extralarge@gmail.com | Asunto: Contrapropuesta Aceptada (ID: #2391)
[2026-04-09 18:49:52] Mail enviado con éxito!
[2026-04-09 18:49:58] Enviando mail a: Ajfripoll@gmail.com;yamilaruiz.extralarge@gmail.com | Asunto: Contrapropuesta Aceptada (ID: #2388)
[2026-04-09 18:50:02] Mail enviado con éxito!
[2026-04-09 18:50:30] Enviando mail a: Ajfripoll@gmail.com;yamilaruiz.extralarge@gmail.com | Asunto: Contrapropuesta Aceptada (ID: #2386)
[2026-04-09 18:50:34] Mail enviado con éxito!
[2026-04-09 20:21:57] Enviando mail a: mariela.gueler@xl.com.ar | Asunto: Acción de Cliente en Portal: Propuesta #2408
[2026-04-09 20:22:01] Mail enviado con éxito!
[2026-04-09 20:31:55] Enviando mail a: juliocinalli@gmail.com | Asunto: Contrapropuesta Aceptada (ID: #2408)
[2026-04-09 20:31:59] Mail enviado con éxito!
[2026-04-09 21:52:29] Preparando mail para Admin para propuesta #2368
[2026-04-09 21:52:29] Enviando mail a: mariela.gueler@xl.com.ar | Asunto: Nueva Documentación Adjunta: Propuesta #2368
[2026-04-09 21:52:37] Mail enviado con éxito!
[2026-04-09 21:52:49] Preparando mail para Admin para propuesta #2365
[2026-04-09 21:52:49] Enviando mail a: mariela.gueler@xl.com.ar | Asunto: Nueva Documentación Adjunta: Propuesta #2365
[2026-04-09 21:52:55] Mail enviado con éxito!
[2026-04-09 21:53:04] Preparando mail para Admin para propuesta #2365
[2026-04-09 21:53:04] Enviando mail a: mariela.gueler@xl.com.ar | Asunto: Nueva Documentación Adjunta: Propuesta #2365
[2026-04-09 21:53:08] Mail enviado con éxito!
[2026-04-10 16:17:49] Preparando mail para Admin para propuesta #2408
[2026-04-10 16:17:49] Enviando mail a: mariela.gueler@xl.com.ar | Asunto: Nueva Documentación Adjunta: Propuesta #2408
[2026-04-10 16:17:54] Mail enviado con éxito!
[2026-04-10 16:18:10] Preparando mail para Admin para propuesta #2408
[2026-04-10 16:18:11] Enviando mail a: mariela.gueler@xl.com.ar | Asunto: Nueva Documentación Adjunta: Propuesta #2408
[2026-04-10 16:18:15] Mail enviado con éxito!
[2026-04-10 16:18:24] Preparando mail para Admin para propuesta #2408
[2026-04-10 16:18:24] Enviando mail a: mariela.gueler@xl.com.ar | Asunto: Nueva Documentación Adjunta: Propuesta #2408
[2026-04-10 16:18:28] Mail enviado con éxito!
[2026-04-10 18:39:23] Preparando mail para Admin para propuesta #2401
[2026-04-10 18:39:23] Enviando mail a: mariela.gueler@xl.com.ar | Asunto: Nueva Documentación Adjunta: Propuesta #2401
[2026-04-10 18:39:27] Mail enviado con éxito!
[2026-04-10 18:39:34] Preparando mail para Admin para propuesta #2401
[2026-04-10 18:39:34] Enviando mail a: mariela.gueler@xl.com.ar | Asunto: Nueva Documentación Adjunta: Propuesta #2401
[2026-04-10 18:39:38] Mail enviado con éxito!
[2026-04-10 19:01:07] Preparando mail para Admin para propuesta #2400
[2026-04-10 19:01:07] Enviando mail a: mariela.gueler@xl.com.ar | Asunto: Nueva Documentación Adjunta: Propuesta #2400
[2026-04-10 19:01:11] Mail enviado con éxito!
[2026-04-10 19:01:15] Preparando mail para Admin para propuesta #2400
[2026-04-10 19:01:15] Enviando mail a: mariela.gueler@xl.com.ar | Asunto: Nueva Documentación Adjunta: Propuesta #2400
[2026-04-10 19:01:20] Mail enviado con éxito!
[2026-04-10 19:01:30] Preparando mail para Admin para propuesta #2399
[2026-04-10 19:01:30] Enviando mail a: mariela.gueler@xl.com.ar | Asunto: Nueva Documentación Adjunta: Propuesta #2399
[2026-04-10 19:01:35] Mail enviado con éxito!
[2026-04-10 19:01:37] Preparando mail para Admin para propuesta #2399
[2026-04-10 19:01:38] Enviando mail a: mariela.gueler@xl.com.ar | Asunto: Nueva Documentación Adjunta: Propuesta #2399
[2026-04-10 19:01:41] Mail enviado con éxito!
[2026-04-10 19:03:19] Preparando mail para Admin para propuesta #2398
[2026-04-10 19:03:19] Enviando mail a: mariela.gueler@xl.com.ar | Asunto: Nueva Documentación Adjunta: Propuesta #2398
[2026-04-10 19:03:24] Mail enviado con éxito!
[2026-04-10 19:03:27] Preparando mail para Admin para propuesta #2398
[2026-04-10 19:03:27] Enviando mail a: mariela.gueler@xl.com.ar | Asunto: Nueva Documentación Adjunta: Propuesta #2398
[2026-04-10 19:03:31] Mail enviado con éxito!
[2026-04-10 19:03:40] Preparando mail para Admin para propuesta #2397
[2026-04-10 19:03:40] Enviando mail a: mariela.gueler@xl.com.ar | Asunto: Nueva Documentación Adjunta: Propuesta #2397
[2026-04-10 19:03:44] Mail enviado con éxito!
[2026-04-10 19:03:47] Preparando mail para Admin para propuesta #2397
[2026-04-10 19:03:47] Enviando mail a: mariela.gueler@xl.com.ar | Asunto: Nueva Documentación Adjunta: Propuesta #2397
[2026-04-10 19:03:51] Mail enviado con éxito!
[2026-04-10 19:04:01] Preparando mail para Admin para propuesta #2396
[2026-04-10 19:04:01] Enviando mail a: mariela.gueler@xl.com.ar | Asunto: Nueva Documentación Adjunta: Propuesta #2396
[2026-04-10 19:04:05] Mail enviado con éxito!
[2026-04-10 19:04:10] Preparando mail para Admin para propuesta #2396
[2026-04-10 19:04:10] Enviando mail a: mariela.gueler@xl.com.ar | Asunto: Nueva Documentación Adjunta: Propuesta #2396
[2026-04-10 19:04:15] Mail enviado con éxito!
[2026-04-10 19:04:24] Preparando mail para Admin para propuesta #2394
[2026-04-10 19:04:25] Enviando mail a: mariela.gueler@xl.com.ar | Asunto: Nueva Documentación Adjunta: Propuesta #2394
[2026-04-10 19:04:29] Mail enviado con éxito!
[2026-04-10 19:04:33] Preparando mail para Admin para propuesta #2394
[2026-04-10 19:04:33] Enviando mail a: mariela.gueler@xl.com.ar | Asunto: Nueva Documentación Adjunta: Propuesta #2394
[2026-04-10 19:04:38] Mail enviado con éxito!
[2026-04-10 19:04:55] Preparando mail para Admin para propuesta #2393
[2026-04-10 19:04:55] Enviando mail a: mariela.gueler@xl.com.ar | Asunto: Nueva Documentación Adjunta: Propuesta #2393
[2026-04-10 19:04:59] Mail enviado con éxito!
[2026-04-10 19:05:03] Preparando mail para Admin para propuesta #2393
[2026-04-10 19:05:03] Enviando mail a: mariela.gueler@xl.com.ar | Asunto: Nueva Documentación Adjunta: Propuesta #2393
[2026-04-10 19:05:09] Mail enviado con éxito!
[2026-04-10 19:05:37] Preparando mail para Admin para propuesta #2387
[2026-04-10 19:05:37] Enviando mail a: mariela.gueler@xl.com.ar | Asunto: Nueva Documentación Adjunta: Propuesta #2387
[2026-04-10 19:05:41] Mail enviado con éxito!
[2026-04-10 19:05:43] Preparando mail para Admin para propuesta #2387
[2026-04-10 19:05:44] Enviando mail a: mariela.gueler@xl.com.ar | Asunto: Nueva Documentación Adjunta: Propuesta #2387
[2026-04-10 19:05:48] Mail enviado con éxito!
[2026-04-10 19:05:56] Preparando mail para Admin para propuesta #2386
[2026-04-10 19:05:56] Enviando mail a: mariela.gueler@xl.com.ar | Asunto: Nueva Documentación Adjunta: Propuesta #2386
[2026-04-10 19:06:00] Mail enviado con éxito!
[2026-04-10 19:06:03] Preparando mail para Admin para propuesta #2386
[2026-04-10 19:06:04] Enviando mail a: mariela.gueler@xl.com.ar | Asunto: Nueva Documentación Adjunta: Propuesta #2386
[2026-04-10 19:06:07] Mail enviado con éxito!
[2026-04-10 19:32:43] Preparando mail para Admin para propuesta #2392
[2026-04-10 19:32:44] Enviando mail a: mariela.gueler@xl.com.ar | Asunto: Nueva Documentación Adjunta: Propuesta #2392
[2026-04-10 19:32:48] Mail enviado con éxito!
[2026-04-10 19:32:54] Preparando mail para Admin para propuesta #2392
[2026-04-10 19:32:54] Enviando mail a: mariela.gueler@xl.com.ar | Asunto: Nueva Documentación Adjunta: Propuesta #2392
[2026-04-10 19:32:58] Mail enviado con éxito!
[2026-04-10 19:33:15] Preparando mail para Admin para propuesta #2391
[2026-04-10 19:33:15] Enviando mail a: mariela.gueler@xl.com.ar | Asunto: Nueva Documentación Adjunta: Propuesta #2391
[2026-04-10 19:33:19] Mail enviado con éxito!
[2026-04-10 19:33:23] Preparando mail para Admin para propuesta #2391
[2026-04-10 19:33:23] Enviando mail a: mariela.gueler@xl.com.ar | Asunto: Nueva Documentación Adjunta: Propuesta #2391
[2026-04-10 19:33:27] Mail enviado con éxito!
[2026-04-10 19:33:52] Preparando mail para Admin para propuesta #2389
[2026-04-10 19:33:52] Enviando mail a: mariela.gueler@xl.com.ar | Asunto: Nueva Documentación Adjunta: Propuesta #2389
[2026-04-10 19:33:56] Mail enviado con éxito!
[2026-04-10 19:34:01] Preparando mail para Admin para propuesta #2389
[2026-04-10 19:34:01] Enviando mail a: mariela.gueler@xl.com.ar | Asunto: Nueva Documentación Adjunta: Propuesta #2389
[2026-04-10 19:34:05] Mail enviado con éxito!
[2026-04-10 19:34:21] Preparando mail para Admin para propuesta #2388
[2026-04-10 19:34:21] Enviando mail a: mariela.gueler@xl.com.ar | Asunto: Nueva Documentación Adjunta: Propuesta #2388
[2026-04-10 19:34:25] Mail enviado con éxito!
[2026-04-10 19:34:28] Preparando mail para Admin para propuesta #2388
[2026-04-10 19:34:29] Enviando mail a: mariela.gueler@xl.com.ar | Asunto: Nueva Documentación Adjunta: Propuesta #2388
[2026-04-10 19:34:32] Mail enviado con éxito!
[2026-04-10 19:49:31] Preparando mail para Admin para propuesta #2426
[2026-04-10 19:49:31] Enviando mail a: mariela.gueler@xl.com.ar | Asunto: Nueva Documentación Adjunta: Propuesta #2426
[2026-04-10 19:49:34] Mail enviado con éxito!
[2026-04-10 19:55:56] Preparando mail para Admin para propuesta #2415
[2026-04-10 19:55:56] Enviando mail a: mariela.gueler@xl.com.ar | Asunto: Nueva Documentación Adjunta: Propuesta #2415
[2026-04-10 19:56:00] Mail enviado con éxito!
[2026-04-10 19:56:26] Preparando mail para Admin para propuesta #2425
[2026-04-10 19:56:27] Enviando mail a: mariela.gueler@xl.com.ar | Asunto: Nueva Documentación Adjunta: Propuesta #2425
[2026-04-10 19:56:30] Mail enviado con éxito!
[2026-04-10 19:56:39] Preparando mail para Admin para propuesta #2425
[2026-04-10 19:56:39] Enviando mail a: mariela.gueler@xl.com.ar | Asunto: Nueva Documentación Adjunta: Propuesta #2425
[2026-04-10 19:56:43] Mail enviado con éxito!
[2026-04-10 19:57:03] Preparando mail para Admin para propuesta #2425
[2026-04-10 19:57:03] Enviando mail a: mariela.gueler@xl.com.ar | Asunto: Nueva Documentación Adjunta: Propuesta #2425
[2026-04-10 19:57:07] Mail enviado con éxito!
[2026-04-10 19:57:19] Preparando mail para Admin para propuesta #2425
[2026-04-10 19:57:19] Enviando mail a: mariela.gueler@xl.com.ar | Asunto: Nueva Documentación Adjunta: Propuesta #2425
[2026-04-10 19:57:24] Mail enviado con éxito!
[2026-04-10 19:57:47] Preparando mail para Admin para propuesta #2425
[2026-04-10 19:57:47] Enviando mail a: mariela.gueler@xl.com.ar | Asunto: Nueva Documentación Adjunta: Propuesta #2425
[2026-04-10 19:57:51] Mail enviado con éxito!
[2026-04-10 19:59:23] Preparando mail para Admin para propuesta #2425
[2026-04-10 19:59:23] Enviando mail a: mariela.gueler@xl.com.ar | Asunto: Nueva Documentación Adjunta: Propuesta #2425
[2026-04-10 19:59:27] Mail enviado con éxito!
[2026-04-10 20:02:39] Preparando mail para Admin para propuesta #2424
[2026-04-10 20:02:39] Enviando mail a: mariela.gueler@xl.com.ar | Asunto: Nueva Documentación Adjunta: Propuesta #2424
[2026-04-10 20:02:43] Mail enviado con éxito!
[2026-04-10 20:02:50] Preparando mail para Admin para propuesta #2424
[2026-04-10 20:02:50] Enviando mail a: mariela.gueler@xl.com.ar | Asunto: Nueva Documentación Adjunta: Propuesta #2424
[2026-04-10 20:02:54] Mail enviado con éxito!
[2026-04-10 21:34:51] Preparando mail para Admin para propuesta #2397
[2026-04-10 21:34:51] Enviando mail a: mariela.gueler@xl.com.ar | Asunto: Nueva Documentación Adjunta: Propuesta #2397
[2026-04-10 21:34:55] Mail enviado con éxito!
[2026-04-13 13:19:09] Enviando mail a: Fernandolaje@yahoo.com.ar | Asunto: Propuesta de Pago Vencida (#2413)
[2026-04-13 13:19:13] Mail enviado con éxito!
[2026-04-13 17:47:13] Enviando mail a: mariela.gueler@xl.com.ar | Asunto: Acción de Cliente en Portal: Propuesta #2429
[2026-04-13 17:47:17] Mail enviado con éxito!
[2026-04-13 17:48:46] Enviando mail a: mariela.gueler@xl.com.ar | Asunto: Acción de Cliente en Portal: Propuesta #2427
[2026-04-13 17:48:50] Mail enviado con éxito!
[2026-04-13 18:41:54] Enviando mail a: Fernandolaje@yahoo.com.ar | Asunto: Nueva Propuesta de Pago Recibida (ID: #2431)
[2026-04-13 18:41:58] Mail enviado con éxito!
[2026-04-13 18:44:16] Enviando mail a: Fernandolaje@yahoo.com.ar | Asunto: Nueva Propuesta de Pago Recibida (ID: #2432)
[2026-04-13 18:44:20] Mail enviado con éxito!
[2026-04-13 19:21:50] Enviando mail a: fjandreoli@gmail.com;miramonroxana@gmail.com | Asunto: Nueva Propuesta de Pago Recibida (ID: #2433)
[2026-04-13 19:21:55] Mail enviado con éxito!
[2026-04-13 19:24:59] Enviando mail a: fjandreoli@gmail.com;miramonroxana@gmail.com | Asunto: Nueva Propuesta de Pago Recibida (ID: #2434)
[2026-04-13 19:25:07] Mail enviado con éxito!
[2026-04-13 19:25:39] Enviando mail a: fjandreoli@gmail.com;miramonroxana@gmail.com | Asunto: Nueva Propuesta de Pago Recibida (ID: #2435)
[2026-04-13 19:25:43] Mail enviado con éxito!
[2026-04-13 19:27:14] Enviando mail a: fjandreoli@gmail.com;miramonroxana@gmail.com | Asunto: Nueva Propuesta de Pago Recibida (ID: #2436)
[2026-04-13 19:27:18] Mail enviado con éxito!
[2026-04-13 19:27:47] Enviando mail a: fjandreoli@gmail.com;miramonroxana@gmail.com | Asunto: Nueva Propuesta de Pago Recibida (ID: #2437)
[2026-04-13 19:27:51] Mail enviado con éxito!
[2026-04-13 19:28:20] Enviando mail a: fjandreoli@gmail.com;miramonroxana@gmail.com | Asunto: Nueva Propuesta de Pago Recibida (ID: #2438)
[2026-04-13 19:28:24] Mail enviado con éxito!
[2026-04-13 19:30:11] Enviando mail a: fjandreoli@gmail.com;miramonroxana@gmail.com | Asunto: Nueva Propuesta de Pago Recibida (ID: #2439)
[2026-04-13 19:30:15] Mail enviado con éxito!
